checksum.h:35:20:crc_accumulate	24	static
checksum.h:52:20:crc_init	16	static
checksum.h:65:24:crc_calculate	24	static
checksum.h:85:20:crc_accumulate_buffer	32	static
mavlink_sha256.h:100:21:mavlink_sha256_init	16	static
mavlink_sha256.h:114:20:mavlink_sha256_calc	320	static
mavlink_sha256.h:161:21:mavlink_sha256_update	120	static
mavlink_sha256.h:201:21:mavlink_sha256_final_48	104	static
mavlink_helpers.h:23:34:mavlink_get_channel_status	16	static
mavlink_helpers.h:39:35:mavlink_get_channel_buffer	16	static
mavlink_helpers.h:72:24:mavlink_sign_packet	144	static
mavlink_helpers.h:109:24:_mav_trim_payload	16	static
mavlink_helpers.h:120:21:mavlink_signature_check	184	static
mavlink_helpers.h:212:25:mavlink_finalize_message_buffer	80	static
mavlink_helpers.h:275:25:mavlink_finalize_message_chan	40	static
mavlink_helpers.h:285:25:mavlink_finalize_message	32	static
mavlink_helpers.h:291:20:_mav_parse_error	16	static
mavlink_helpers.h:428:25:mavlink_msg_to_send_buffer	32	static
mavlink_helpers.h:481:21:mavlink_start_checksum	24	static
mavlink_helpers.h:488:21:mavlink_update_checksum	24	static
mavlink_helpers.h:499:43:mavlink_get_msg_entry	32	static
mavlink_helpers.h:571:24:mavlink_frame_char_buffer	40	static
mavlink_helpers.h:891:24:mavlink_frame_char	40	static
mavlink_helpers.h:969:24:mavlink_parse_char	40	static
protocol.h:171:20:mav_array_memcpy	24	static
mavlink_msg_rc_channels_scaled.h:444:20:mavlink_msg_rc_channels_scaled_decode	24	static
mavlink_msg_named_value_int.h:55:24:mavlink_msg_named_value_int_pack	56	static
mavlink_msg_named_value_int.h:117:24:mavlink_msg_named_value_int_encode	40	static
mavlink.c:32:6:MAV_Parse_Data	16	static
mavlink.c:70:6:MAV_Send_Debug_Statement	64	dynamic
mavlink.c:88:6:MAV_Send_Debug_Statement_Default	40	static
