Archive member included to satisfy reference by file (symbol)

c:/st/stm32cubeide_1.5.0/stm32cubeide/plugins/com.st.stm32cube.ide.mcu.externaltools.gnu-tools-for-stm32.7-2018-q2-update.win32_1.5.0.202011040924/tools/bin/../lib/gcc/arm-none-eabi/7.3.1/../../../../arm-none-eabi/lib/thumb/v7-m\libc_nano.a(lib_a-errno.o)
                              Core/Src/syscalls.o (__errno)
c:/st/stm32cubeide_1.5.0/stm32cubeide/plugins/com.st.stm32cube.ide.mcu.externaltools.gnu-tools-for-stm32.7-2018-q2-update.win32_1.5.0.202011040924/tools/bin/../lib/gcc/arm-none-eabi/7.3.1/../../../../arm-none-eabi/lib/thumb/v7-m\libc_nano.a(lib_a-exit.o)
                              c:/st/stm32cubeide_1.5.0/stm32cubeide/plugins/com.st.stm32cube.ide.mcu.externaltools.gnu-tools-for-stm32.7-2018-q2-update.win32_1.5.0.202011040924/tools/bin/../lib/gcc/arm-none-eabi/7.3.1/../../../../arm-none-eabi/lib/thumb/v7-m/crt0.o (exit)
c:/st/stm32cubeide_1.5.0/stm32cubeide/plugins/com.st.stm32cube.ide.mcu.externaltools.gnu-tools-for-stm32.7-2018-q2-update.win32_1.5.0.202011040924/tools/bin/../lib/gcc/arm-none-eabi/7.3.1/../../../../arm-none-eabi/lib/thumb/v7-m\libc_nano.a(lib_a-impure.o)
                              c:/st/stm32cubeide_1.5.0/stm32cubeide/plugins/com.st.stm32cube.ide.mcu.externaltools.gnu-tools-for-stm32.7-2018-q2-update.win32_1.5.0.202011040924/tools/bin/../lib/gcc/arm-none-eabi/7.3.1/../../../../arm-none-eabi/lib/thumb/v7-m\libc_nano.a(lib_a-exit.o) (_global_impure_ptr)
c:/st/stm32cubeide_1.5.0/stm32cubeide/plugins/com.st.stm32cube.ide.mcu.externaltools.gnu-tools-for-stm32.7-2018-q2-update.win32_1.5.0.202011040924/tools/bin/../lib/gcc/arm-none-eabi/7.3.1/../../../../arm-none-eabi/lib/thumb/v7-m\libc_nano.a(lib_a-init.o)
                              c:/st/stm32cubeide_1.5.0/stm32cubeide/plugins/com.st.stm32cube.ide.mcu.externaltools.gnu-tools-for-stm32.7-2018-q2-update.win32_1.5.0.202011040924/tools/bin/../lib/gcc/arm-none-eabi/7.3.1/../../../../arm-none-eabi/lib/thumb/v7-m/crt0.o (__libc_init_array)
c:/st/stm32cubeide_1.5.0/stm32cubeide/plugins/com.st.stm32cube.ide.mcu.externaltools.gnu-tools-for-stm32.7-2018-q2-update.win32_1.5.0.202011040924/tools/bin/../lib/gcc/arm-none-eabi/7.3.1/../../../../arm-none-eabi/lib/thumb/v7-m\libc_nano.a(lib_a-memcmp.o)
                              Core/Src/mavlink.o (memcmp)
c:/st/stm32cubeide_1.5.0/stm32cubeide/plugins/com.st.stm32cube.ide.mcu.externaltools.gnu-tools-for-stm32.7-2018-q2-update.win32_1.5.0.202011040924/tools/bin/../lib/gcc/arm-none-eabi/7.3.1/../../../../arm-none-eabi/lib/thumb/v7-m\libc_nano.a(lib_a-memcpy-stub.o)
                              Core/Src/mavlink.o (memcpy)
c:/st/stm32cubeide_1.5.0/stm32cubeide/plugins/com.st.stm32cube.ide.mcu.externaltools.gnu-tools-for-stm32.7-2018-q2-update.win32_1.5.0.202011040924/tools/bin/../lib/gcc/arm-none-eabi/7.3.1/../../../../arm-none-eabi/lib/thumb/v7-m\libc_nano.a(lib_a-memset.o)
                              c:/st/stm32cubeide_1.5.0/stm32cubeide/plugins/com.st.stm32cube.ide.mcu.externaltools.gnu-tools-for-stm32.7-2018-q2-update.win32_1.5.0.202011040924/tools/bin/../lib/gcc/arm-none-eabi/7.3.1/../../../../arm-none-eabi/lib/thumb/v7-m/crt0.o (memset)
c:/st/stm32cubeide_1.5.0/stm32cubeide/plugins/com.st.stm32cube.ide.mcu.externaltools.gnu-tools-for-stm32.7-2018-q2-update.win32_1.5.0.202011040924/tools/bin/../lib/gcc/arm-none-eabi/7.3.1/../../../../arm-none-eabi/lib/thumb/v7-m\libc_nano.a(lib_a-strcpy.o)
                              Core/Src/mavlink.o (strcpy)

Allocating common symbols
Common symbol       size              file

htim4               0x40              Core/Src/main.o
hi2c2               0x54              Core/Src/main.o
msg                 0x123             Core/Src/mavlink.o
uwTick              0x4               Drivers/STM32F1xx_HAL_Driver/Src/stm32f1xx_hal.o
pFlash              0x20              Drivers/STM32F1xx_HAL_Driver/Src/stm32f1xx_hal_flash.o
rx_buffer_mav       0x117             Core/Src/mavlink.o
huart1              0x40              Core/Src/main.o
rc_channels_scaled_msg
                    0x18              Core/Src/mavlink.o
status              0x18              Core/Src/mavlink.o
byte_arr            0x117             Core/Src/mavlink.o

Discarded input sections

 .text          0x0000000000000000        0x0 c:/st/stm32cubeide_1.5.0/stm32cubeide/plugins/com.st.stm32cube.ide.mcu.externaltools.gnu-tools-for-stm32.7-2018-q2-update.win32_1.5.0.202011040924/tools/bin/../lib/gcc/arm-none-eabi/7.3.1/thumb/v7-m/crti.o
 .data          0x0000000000000000        0x0 c:/st/stm32cubeide_1.5.0/stm32cubeide/plugins/com.st.stm32cube.ide.mcu.externaltools.gnu-tools-for-stm32.7-2018-q2-update.win32_1.5.0.202011040924/tools/bin/../lib/gcc/arm-none-eabi/7.3.1/thumb/v7-m/crti.o
 .bss           0x0000000000000000        0x0 c:/st/stm32cubeide_1.5.0/stm32cubeide/plugins/com.st.stm32cube.ide.mcu.externaltools.gnu-tools-for-stm32.7-2018-q2-update.win32_1.5.0.202011040924/tools/bin/../lib/gcc/arm-none-eabi/7.3.1/thumb/v7-m/crti.o
[...]
Memory Configuration

Name             Origin             Length             Attributes
RAM              0x0000000020000000 0x0000000000005000 xrw
FLASH            0x0000000008000000 0x0000000000020000 xr
*default*        0x0000000000000000 0xffffffffffffffff

Linker script and memory map

LOAD c:/st/stm32cubeide_1.5.0/stm32cubeide/plugins/com.st.stm32cube.ide.mcu.externaltools.gnu-tools-for-stm32.7-2018-q2-update.win32_1.5.0.202011040924/tools/bin/../lib/gcc/arm-none-eabi/7.3.1/thumb/v7-m/crti.o
LOAD c:/st/stm32cubeide_1.5.0/stm32cubeide/plugins/com.st.stm32cube.ide.mcu.externaltools.gnu-tools-for-stm32.7-2018-q2-update.win32_1.5.0.202011040924/tools/bin/../lib/gcc/arm-none-eabi/7.3.1/thumb/v7-m/crtbegin.o
LOAD c:/st/stm32cubeide_1.5.0/stm32cubeide/plugins/com.st.stm32cube.ide.mcu.externaltools.gnu-tools-for-stm32.7-2018-q2-update.win32_1.5.0.202011040924/tools/bin/../lib/gcc/arm-none-eabi/7.3.1/../../../../arm-none-eabi/lib/thumb/v7-m/crt0.o
LOAD Core/Src/main.o
LOAD Core/Src/mavlink.o
LOAD Core/Src/motor.o
LOAD Core/Src/radio.o
LOAD Core/Src/stm32f1xx_hal_msp.o
LOAD Core/Src/stm32f1xx_it.o
LOAD Core/Src/syscalls.o
LOAD Core/Src/sysmem.o
LOAD Core/Src/system_stm32f1xx.o
LOAD Core/Startup/startup_stm32f103cbtx.o
LOAD Drivers/STM32F1xx_HAL_Driver/Src/stm32f1xx_hal.o
LOAD Drivers/STM32F1xx_HAL_Driver/Src/stm32f1xx_hal_cortex.o
LOAD Drivers/STM32F1xx_HAL_Driver/Src/stm32f1xx_hal_dma.o
LOAD Drivers/STM32F1xx_HAL_Driver/Src/stm32f1xx_hal_exti.o
LOAD Drivers/STM32F1xx_HAL_Driver/Src/stm32f1xx_hal_flash.o
LOAD Drivers/STM32F1xx_HAL_Driver/Src/stm32f1xx_hal_flash_ex.o
LOAD Drivers/STM32F1xx_HAL_Driver/Src/stm32f1xx_hal_gpio.o
LOAD Drivers/STM32F1xx_HAL_Driver/Src/stm32f1xx_hal_gpio_ex.o
LOAD Drivers/STM32F1xx_HAL_Driver/Src/stm32f1xx_hal_i2c.o
LOAD Drivers/STM32F1xx_HAL_Driver/Src/stm32f1xx_hal_pwr.o
LOAD Drivers/STM32F1xx_HAL_Driver/Src/stm32f1xx_hal_rcc.o
LOAD Drivers/STM32F1xx_HAL_Driver/Src/stm32f1xx_hal_rcc_ex.o
LOAD Drivers/STM32F1xx_HAL_Driver/Src/stm32f1xx_hal_tim.o
LOAD Drivers/STM32F1xx_HAL_Driver/Src/stm32f1xx_hal_tim_ex.o
LOAD Drivers/STM32F1xx_HAL_Driver/Src/stm32f1xx_hal_uart.o
START GROUP
LOAD c:/st/stm32cubeide_1.5.0/stm32cubeide/plugins/com.st.stm32cube.ide.mcu.externaltools.gnu-tools-for-stm32.7-2018-q2-update.win32_1.5.0.202011040924/tools/bin/../lib/gcc/arm-none-eabi/7.3.1/../../../../arm-none-eabi/lib/thumb/v7-m\libc_nano.a
LOAD c:/st/stm32cubeide_1.5.0/stm32cubeide/plugins/com.st.stm32cube.ide.mcu.externaltools.gnu-tools-for-stm32.7-2018-q2-update.win32_1.5.0.202011040924/tools/bin/../lib/gcc/arm-none-eabi/7.3.1/../../../../arm-none-eabi/lib/thumb/v7-m\libm.a
END GROUP
START GROUP
LOAD c:/st/stm32cubeide_1.5.0/stm32cubeide/plugins/com.st.stm32cube.ide.mcu.externaltools.gnu-tools-for-stm32.7-2018-q2-update.win32_1.5.0.202011040924/tools/bin/../lib/gcc/arm-none-eabi/7.3.1/thumb/v7-m\libgcc.a
LOAD c:/st/stm32cubeide_1.5.0/stm32cubeide/plugins/com.st.stm32cube.ide.mcu.externaltools.gnu-tools-for-stm32.7-2018-q2-update.win32_1.5.0.202011040924/tools/bin/../lib/gcc/arm-none-eabi/7.3.1/../../../../arm-none-eabi/lib/thumb/v7-m\libc_nano.a
END GROUP
START GROUP
LOAD c:/st/stm32cubeide_1.5.0/stm32cubeide/plugins/com.st.stm32cube.ide.mcu.externaltools.gnu-tools-for-stm32.7-2018-q2-update.win32_1.5.0.202011040924/tools/bin/../lib/gcc/arm-none-eabi/7.3.1/thumb/v7-m\libgcc.a
LOAD c:/st/stm32cubeide_1.5.0/stm32cubeide/plugins/com.st.stm32cube.ide.mcu.externaltools.gnu-tools-for-stm32.7-2018-q2-update.win32_1.5.0.202011040924/tools/bin/../lib/gcc/arm-none-eabi/7.3.1/../../../../arm-none-eabi/lib/thumb/v7-m\libc_nano.a
LOAD c:/st/stm32cubeide_1.5.0/stm32cubeide/plugins/com.st.stm32cube.ide.mcu.externaltools.gnu-tools-for-stm32.7-2018-q2-update.win32_1.5.0.202011040924/tools/bin/../lib/gcc/arm-none-eabi/7.3.1/../../../../arm-none-eabi/lib/thumb/v7-m\libnosys.a
END GROUP
START GROUP
LOAD c:/st/stm32cubeide_1.5.0/stm32cubeide/plugins/com.st.stm32cube.ide.mcu.externaltools.gnu-tools-for-stm32.7-2018-q2-update.win32_1.5.0.202011040924/tools/bin/../lib/gcc/arm-none-eabi/7.3.1/thumb/v7-m\libgcc.a
LOAD c:/st/stm32cubeide_1.5.0/stm32cubeide/plugins/com.st.stm32cube.ide.mcu.externaltools.gnu-tools-for-stm32.7-2018-q2-update.win32_1.5.0.202011040924/tools/bin/../lib/gcc/arm-none-eabi/7.3.1/../../../../arm-none-eabi/lib/thumb/v7-m\libc_nano.a
LOAD c:/st/stm32cubeide_1.5.0/stm32cubeide/plugins/com.st.stm32cube.ide.mcu.externaltools.gnu-tools-for-stm32.7-2018-q2-update.win32_1.5.0.202011040924/tools/bin/../lib/gcc/arm-none-eabi/7.3.1/../../../../arm-none-eabi/lib/thumb/v7-m\libnosys.a
END GROUP
LOAD c:/st/stm32cubeide_1.5.0/stm32cubeide/plugins/com.st.stm32cube.ide.mcu.externaltools.gnu-tools-for-stm32.7-2018-q2-update.win32_1.5.0.202011040924/tools/bin/../lib/gcc/arm-none-eabi/7.3.1/thumb/v7-m/crtend.o
LOAD c:/st/stm32cubeide_1.5.0/stm32cubeide/plugins/com.st.stm32cube.ide.mcu.externaltools.gnu-tools-for-stm32.7-2018-q2-update.win32_1.5.0.202011040924/tools/bin/../lib/gcc/arm-none-eabi/7.3.1/thumb/v7-m/crtn.o
                0x0000000020005000                _estack = (ORIGIN (RAM) + LENGTH (RAM))
                0x0000000000000200                _Min_Heap_Size = 0x200
                0x0000000000000400                _Min_Stack_Size = 0x400

.isr_vector     0x0000000008000000      0x10c
                0x0000000008000000                . = ALIGN (0x4)
 *(.isr_vector)
 .isr_vector    0x0000000008000000      0x10c Core/Startup/startup_stm32f103cbtx.o
                0x0000000008000000                g_pfnVectors
                0x000000000800010c                . = ALIGN (0x4)

.text           0x000000000800010c     0x2964
                0x000000000800010c                . = ALIGN (0x4)
 *(.text)
 .text          0x000000000800010c       0x40 c:/st/stm32cubeide_1.5.0/stm32cubeide/plugins/com.st.stm32cube.ide.mcu.externaltools.gnu-tools-for-stm32.7-2018-q2-update.win32_1.5.0.202011040924/tools/bin/../lib/gcc/arm-none-eabi/7.3.1/thumb/v7-m/crtbegin.o
 *(.text*)
 .text.main     0x000000000800014c       0x4c Core/Src/main.o
                0x000000000800014c                main
 .text.MX_TIM4_Init
                0x0000000008000198       0xf8 Core/Src/main.o
 .text.MX_USART1_UART_Init
                0x0000000008000290       0x54 Core/Src/main.o
 .text.MX_GPIO_Init
                0x00000000080002e4       0x7c Core/Src/main.o
 .text.Error_Handler
                0x0000000008000360        0xc Core/Src/main.o
                0x0000000008000360                Error_Handler
 .text.crc_accumulate
                0x000000000800036c       0x62 Core/Src/mavlink.o
 .text.crc_init
                0x00000000080003ce       0x1a Core/Src/mavlink.o
 .text.mavlink_sha256_init
                0x00000000080003e8       0x70 Core/Src/mavlink.o
 .text.mavlink_sha256_calc
                0x0000000008000458      0x2f0 Core/Src/mavlink.o
 .text.mavlink_sha256_update
                0x0000000008000748       0xfc Core/Src/mavlink.o
 .text.mavlink_sha256_final_48
                0x0000000008000844      0x13c Core/Src/mavlink.o
 .text.mavlink_get_channel_status
                0x0000000008000980       0x28 Core/Src/mavlink.o
 .text.mavlink_get_channel_buffer
                0x00000000080009a8       0x28 Core/Src/mavlink.o
 .text.mavlink_signature_check
                0x00000000080009d0      0x270 Core/Src/mavlink.o
 .text._mav_parse_error
                0x0000000008000c40       0x1e Core/Src/mavlink.o
 .text.mavlink_start_checksum
                0x0000000008000c5e       0x24 Core/Src/mavlink.o
 .text.mavlink_update_checksum
                0x0000000008000c82       0x30 Core/Src/mavlink.o
 *fill*         0x0000000008000cb2        0x2 
 .text.mavlink_get_msg_entry
                0x0000000008000cb4       0x9c Core/Src/mavlink.o
 .text.mavlink_frame_char_buffer
                0x0000000008000d50      0x5b8 Core/Src/mavlink.o
 .text.mavlink_frame_char
                0x0000000008001308       0x3e Core/Src/mavlink.o
 .text.mavlink_parse_char
                0x0000000008001346       0x7a Core/Src/mavlink.o
 .text.mavlink_msg_rc_channels_scaled_decode
                0x00000000080013c0       0x36 Core/Src/mavlink.o
 *fill*         0x00000000080013f6        0x2 
 .text.MAV_Parse_Data
                0x00000000080013f8       0xac Core/Src/mavlink.o
                0x00000000080013f8                MAV_Parse_Data
 .text.Motor_Arm
                0x00000000080014a4       0x38 Core/Src/motor.o
                0x00000000080014a4                Motor_Arm
 .text.Motor_Set_Speed_Single
                0x00000000080014dc       0x90 Core/Src/motor.o
                0x00000000080014dc                Motor_Set_Speed_Single
 .text.Motor_Set_Speed_All
                0x000000000800156c       0x56 Core/Src/motor.o
                0x000000000800156c                Motor_Set_Speed_All
 *fill*         0x00000000080015c2        0x2 
 .text.Radio_Recieve_Raw
                0x00000000080015c4       0x2c Core/Src/radio.o
                0x00000000080015c4                Radio_Recieve_Raw
 .text.HAL_MspInit
                0x00000000080015f0       0x64 Core/Src/stm32f1xx_hal_msp.o
                0x00000000080015f0                HAL_MspInit
 .text.HAL_TIM_PWM_MspInit
                0x0000000008001654       0x3c Core/Src/stm32f1xx_hal_msp.o
                0x0000000008001654                HAL_TIM_PWM_MspInit
 .text.HAL_TIM_MspPostInit
                0x0000000008001690       0x68 Core/Src/stm32f1xx_hal_msp.o
                0x0000000008001690                HAL_TIM_MspPostInit
 .text.HAL_UART_MspInit
                0x00000000080016f8       0x98 Core/Src/stm32f1xx_hal_msp.o
                0x00000000080016f8                HAL_UART_MspInit
 .text.NMI_Handler
                0x0000000008001790        0xc Core/Src/stm32f1xx_it.o
                0x0000000008001790                NMI_Handler
 .text.HardFault_Handler
                0x000000000800179c        0x6 Core/Src/stm32f1xx_it.o
                0x000000000800179c                HardFault_Handler
 .text.MemManage_Handler
                0x00000000080017a2        0x6 Core/Src/stm32f1xx_it.o
                0x00000000080017a2                MemManage_Handler
 .text.BusFault_Handler
                0x00000000080017a8        0x6 Core/Src/stm32f1xx_it.o
                0x00000000080017a8                BusFault_Handler
 .text.UsageFault_Handler
                0x00000000080017ae        0x6 Core/Src/stm32f1xx_it.o
                0x00000000080017ae                UsageFault_Handler
 .text.SVC_Handler
                0x00000000080017b4        0xc Core/Src/stm32f1xx_it.o
                0x00000000080017b4                SVC_Handler
 .text.DebugMon_Handler
                0x00000000080017c0        0xc Core/Src/stm32f1xx_it.o
                0x00000000080017c0                DebugMon_Handler
 .text.PendSV_Handler
                0x00000000080017cc        0xc Core/Src/stm32f1xx_it.o
                0x00000000080017cc                PendSV_Handler
 .text.SysTick_Handler
                0x00000000080017d8        0xc Core/Src/stm32f1xx_it.o
                0x00000000080017d8                SysTick_Handler
 .text.SystemInit
                0x00000000080017e4       0x68 Core/Src/system_stm32f1xx.o
                0x00000000080017e4                SystemInit
 .text.Reset_Handler
                0x000000000800184c       0x48 Core/Startup/startup_stm32f103cbtx.o
                0x000000000800184c                Reset_Handler
 .text.Default_Handler
                0x0000000008001894        0x2 Core/Startup/startup_stm32f103cbtx.o
                0x0000000008001894                RTC_Alarm_IRQHandler
                0x0000000008001894                EXTI2_IRQHandler
                0x0000000008001894                TIM1_CC_IRQHandler
                0x0000000008001894                PVD_IRQHandler
                0x0000000008001894                EXTI3_IRQHandler
                0x0000000008001894                EXTI0_IRQHandler
                0x0000000008001894                I2C2_EV_IRQHandler
                0x0000000008001894                ADC1_2_IRQHandler
                0x0000000008001894                SPI1_IRQHandler
                0x0000000008001894                TAMPER_IRQHandler
                0x0000000008001894                DMA1_Channel4_IRQHandler
                0x0000000008001894                USART3_IRQHandler
                0x0000000008001894                RTC_IRQHandler
                0x0000000008001894                DMA1_Channel7_IRQHandler
                0x0000000008001894                CAN1_RX1_IRQHandler
                0x0000000008001894                TIM4_IRQHandler
                0x0000000008001894                I2C1_EV_IRQHandler
                0x0000000008001894                DMA1_Channel6_IRQHandler
                0x0000000008001894                TIM3_IRQHandler
                0x0000000008001894                RCC_IRQHandler
                0x0000000008001894                TIM1_TRG_COM_IRQHandler
                0x0000000008001894                DMA1_Channel1_IRQHandler
                0x0000000008001894                Default_Handler
                0x0000000008001894                EXTI15_10_IRQHandler
                0x0000000008001894                EXTI9_5_IRQHandler
                0x0000000008001894                SPI2_IRQHandler
                0x0000000008001894                DMA1_Channel5_IRQHandler
                0x0000000008001894                EXTI4_IRQHandler
                0x0000000008001894                USB_LP_CAN1_RX0_IRQHandler
                0x0000000008001894                USB_HP_CAN1_TX_IRQHandler
                0x0000000008001894                DMA1_Channel3_IRQHandler
                0x0000000008001894                TIM1_UP_IRQHandler
                0x0000000008001894                WWDG_IRQHandler
                0x0000000008001894                TIM2_IRQHandler
                0x0000000008001894                TIM1_BRK_IRQHandler
                0x0000000008001894                EXTI1_IRQHandler
                0x0000000008001894                USART2_IRQHandler
                0x0000000008001894                I2C2_ER_IRQHandler
                0x0000000008001894                DMA1_Channel2_IRQHandler
                0x0000000008001894                CAN1_SCE_IRQHandler
                0x0000000008001894                FLASH_IRQHandler
                0x0000000008001894                USART1_IRQHandler
                0x0000000008001894                I2C1_ER_IRQHandler
                0x0000000008001894                USBWakeUp_IRQHandler
 *fill*         0x0000000008001896        0x2 
 .text.HAL_Init
                0x0000000008001898       0x2c Drivers/STM32F1xx_HAL_Driver/Src/stm32f1xx_hal.o
                0x0000000008001898                HAL_Init
 .text.HAL_InitTick
                0x00000000080018c4       0x60 Drivers/STM32F1xx_HAL_Driver/Src/stm32f1xx_hal.o
                0x00000000080018c4                HAL_InitTick
 .text.HAL_IncTick
                0x0000000008001924       0x24 Drivers/STM32F1xx_HAL_Driver/Src/stm32f1xx_hal.o
                0x0000000008001924                HAL_IncTick
 .text.HAL_GetTick
                0x0000000008001948       0x14 Drivers/STM32F1xx_HAL_Driver/Src/stm32f1xx_hal.o
                0x0000000008001948                HAL_GetTick
 .text.HAL_Delay
                0x000000000800195c       0x44 Drivers/STM32F1xx_HAL_Driver/Src/stm32f1xx_hal.o
                0x000000000800195c                HAL_Delay
 .text.__NVIC_SetPriorityGrouping
                0x00000000080019a0       0x48 Drivers/STM32F1xx_HAL_Driver/Src/stm32f1xx_hal_cortex.o
 .text.__NVIC_GetPriorityGrouping
                0x00000000080019e8       0x1c Drivers/STM32F1xx_HAL_Driver/Src/stm32f1xx_hal_cortex.o
 .text.__NVIC_SetPriority
                0x0000000008001a04       0x54 Drivers/STM32F1xx_HAL_Driver/Src/stm32f1xx_hal_cortex.o
 .text.NVIC_EncodePriority
                0x0000000008001a58       0x64 Drivers/STM32F1xx_HAL_Driver/Src/stm32f1xx_hal_cortex.o
 .text.SysTick_Config
                0x0000000008001abc       0x44 Drivers/STM32F1xx_HAL_Driver/Src/stm32f1xx_hal_cortex.o
 .text.HAL_NVIC_SetPriorityGrouping
                0x0000000008001b00       0x16 Drivers/STM32F1xx_HAL_Driver/Src/stm32f1xx_hal_cortex.o
                0x0000000008001b00                HAL_NVIC_SetPriorityGrouping
 .text.HAL_NVIC_SetPriority
                0x0000000008001b16       0x38 Drivers/STM32F1xx_HAL_Driver/Src/stm32f1xx_hal_cortex.o
                0x0000000008001b16                HAL_NVIC_SetPriority
 .text.HAL_SYSTICK_Config
                0x0000000008001b4e       0x18 Drivers/STM32F1xx_HAL_Driver/Src/stm32f1xx_hal_cortex.o
                0x0000000008001b4e                HAL_SYSTICK_Config
 *fill*         0x0000000008001b66        0x2 
 .text.HAL_GPIO_Init
                0x0000000008001b68      0x2b4 Drivers/STM32F1xx_HAL_Driver/Src/stm32f1xx_hal_gpio.o
                0x0000000008001b68                HAL_GPIO_Init
 .text.HAL_GPIO_WritePin
                0x0000000008001e1c       0x30 Drivers/STM32F1xx_HAL_Driver/Src/stm32f1xx_hal_gpio.o
                0x0000000008001e1c                HAL_GPIO_WritePin
 .text.HAL_RCC_GetHCLKFreq
                0x0000000008001e4c       0x14 Drivers/STM32F1xx_HAL_Driver/Src/stm32f1xx_hal_rcc.o
                0x0000000008001e4c                HAL_RCC_GetHCLKFreq
 .text.HAL_RCC_GetPCLK1Freq
                0x0000000008001e60       0x28 Drivers/STM32F1xx_HAL_Driver/Src/stm32f1xx_hal_rcc.o
                0x0000000008001e60                HAL_RCC_GetPCLK1Freq
 .text.HAL_RCC_GetPCLK2Freq
                0x0000000008001e88       0x28 Drivers/STM32F1xx_HAL_Driver/Src/stm32f1xx_hal_rcc.o
                0x0000000008001e88                HAL_RCC_GetPCLK2Freq
 .text.HAL_TIM_PWM_Init
                0x0000000008001eb0       0x56 Drivers/STM32F1xx_HAL_Driver/Src/stm32f1xx_hal_tim.o
                0x0000000008001eb0                HAL_TIM_PWM_Init
 *fill*         0x0000000008001f06        0x2 
 .text.HAL_TIM_PWM_Start
                0x0000000008001f08       0x64 Drivers/STM32F1xx_HAL_Driver/Src/stm32f1xx_hal_tim.o
                0x0000000008001f08                HAL_TIM_PWM_Start
 .text.HAL_TIM_PWM_ConfigChannel
                0x0000000008001f6c      0x18c Drivers/STM32F1xx_HAL_Driver/Src/stm32f1xx_hal_tim.o
                0x0000000008001f6c                HAL_TIM_PWM_ConfigChannel
 .text.TIM_Base_SetConfig
                0x00000000080020f8       0xc4 Drivers/STM32F1xx_HAL_Driver/Src/stm32f1xx_hal_tim.o
                0x00000000080020f8                TIM_Base_SetConfig
 .text.TIM_OC1_SetConfig
                0x00000000080021bc       0xcc Drivers/STM32F1xx_HAL_Driver/Src/stm32f1xx_hal_tim.o
 .text.TIM_OC2_SetConfig
                0x0000000008002288       0xd4 Drivers/STM32F1xx_HAL_Driver/Src/stm32f1xx_hal_tim.o
                0x0000000008002288                TIM_OC2_SetConfig
 .text.TIM_OC3_SetConfig
                0x000000000800235c       0xd4 Drivers/STM32F1xx_HAL_Driver/Src/stm32f1xx_hal_tim.o
 .text.TIM_OC4_SetConfig
                0x0000000008002430       0x9c Drivers/STM32F1xx_HAL_Driver/Src/stm32f1xx_hal_tim.o
 .text.TIM_CCxChannelCmd
                0x00000000080024cc       0x48 Drivers/STM32F1xx_HAL_Driver/Src/stm32f1xx_hal_tim.o
                0x00000000080024cc                TIM_CCxChannelCmd
 .text.HAL_TIMEx_MasterConfigSynchronization
                0x0000000008002514       0x88 Drivers/STM32F1xx_HAL_Driver/Src/stm32f1xx_hal_tim_ex.o
                0x0000000008002514                HAL_TIMEx_MasterConfigSynchronization
 .text.HAL_UART_Init
                0x000000000800259c       0x9a Drivers/STM32F1xx_HAL_Driver/Src/stm32f1xx_hal_uart.o
                0x000000000800259c                HAL_UART_Init
 .text.HAL_UART_Receive
                0x0000000008002636      0x14c Drivers/STM32F1xx_HAL_Driver/Src/stm32f1xx_hal_uart.o
                0x0000000008002636                HAL_UART_Receive
 .text.UART_WaitOnFlagUntilTimeout
                0x0000000008002782       0x94 Drivers/STM32F1xx_HAL_Driver/Src/stm32f1xx_hal_uart.o
 *fill*         0x0000000008002816        0x2 
 .text.UART_SetConfig
                0x0000000008002818      0x1b4 Drivers/STM32F1xx_HAL_Driver/Src/stm32f1xx_hal_uart.o
 .text.__libc_init_array
                0x00000000080029cc       0x48 c:/st/stm32cubeide_1.5.0/stm32cubeide/plugins/com.st.stm32cube.ide.mcu.externaltools.gnu-tools-for-stm32.7-2018-q2-update.win32_1.5.0.202011040924/tools/bin/../lib/gcc/arm-none-eabi/7.3.1/../../../../arm-none-eabi/lib/thumb/v7-m\libc_nano.a(lib_a-init.o)
                0x00000000080029cc                __libc_init_array
 .text.memcmp   0x0000000008002a14       0x1e c:/st/stm32cubeide_1.5.0/stm32cubeide/plugins/com.st.stm32cube.ide.mcu.externaltools.gnu-tools-for-stm32.7-2018-q2-update.win32_1.5.0.202011040924/tools/bin/../lib/gcc/arm-none-eabi/7.3.1/../../../../arm-none-eabi/lib/thumb/v7-m\libc_nano.a(lib_a-memcmp.o)
                0x0000000008002a14                memcmp
 .text.memcpy   0x0000000008002a32       0x16 c:/st/stm32cubeide_1.5.0/stm32cubeide/plugins/com.st.stm32cube.ide.mcu.externaltools.gnu-tools-for-stm32.7-2018-q2-update.win32_1.5.0.202011040924/tools/bin/../lib/gcc/arm-none-eabi/7.3.1/../../../../arm-none-eabi/lib/thumb/v7-m\libc_nano.a(lib_a-memcpy-stub.o)
                0x0000000008002a32                memcpy
 .text.memset   0x0000000008002a48       0x10 c:/st/stm32cubeide_1.5.0/stm32cubeide/plugins/com.st.stm32cube.ide.mcu.externaltools.gnu-tools-for-stm32.7-2018-q2-update.win32_1.5.0.202011040924/tools/bin/../lib/gcc/arm-none-eabi/7.3.1/../../../../arm-none-eabi/lib/thumb/v7-m\libc_nano.a(lib_a-memset.o)
                0x0000000008002a48                memset
 *(.glue_7)
 .glue_7        0x0000000008002a58        0x0 linker stubs
 *(.glue_7t)
 .glue_7t       0x0000000008002a58        0x0 linker stubs
 *(.eh_frame)
 .eh_frame      0x0000000008002a58        0x0 c:/st/stm32cubeide_1.5.0/stm32cubeide/plugins/com.st.stm32cube.ide.mcu.externaltools.gnu-tools-for-stm32.7-2018-q2-update.win32_1.5.0.202011040924/tools/bin/../lib/gcc/arm-none-eabi/7.3.1/thumb/v7-m/crtbegin.o
 *(.init)
 .init          0x0000000008002a58        0x4 c:/st/stm32cubeide_1.5.0/stm32cubeide/plugins/com.st.stm32cube.ide.mcu.externaltools.gnu-tools-for-stm32.7-2018-q2-update.win32_1.5.0.202011040924/tools/bin/../lib/gcc/arm-none-eabi/7.3.1/thumb/v7-m/crti.o
                0x0000000008002a58                _init
 .init          0x0000000008002a5c        0x8 c:/st/stm32cubeide_1.5.0/stm32cubeide/plugins/com.st.stm32cube.ide.mcu.externaltools.gnu-tools-for-stm32.7-2018-q2-update.win32_1.5.0.202011040924/tools/bin/../lib/gcc/arm-none-eabi/7.3.1/thumb/v7-m/crtn.o
 *(.fini)
 .fini          0x0000000008002a64        0x4 c:/st/stm32cubeide_1.5.0/stm32cubeide/plugins/com.st.stm32cube.ide.mcu.externaltools.gnu-tools-for-stm32.7-2018-q2-update.win32_1.5.0.202011040924/tools/bin/../lib/gcc/arm-none-eabi/7.3.1/thumb/v7-m/crti.o
                0x0000000008002a64                _fini
 .fini          0x0000000008002a68        0x8 c:/st/stm32cubeide_1.5.0/stm32cubeide/plugins/com.st.stm32cube.ide.mcu.externaltools.gnu-tools-for-stm32.7-2018-q2-update.win32_1.5.0.202011040924/tools/bin/../lib/gcc/arm-none-eabi/7.3.1/thumb/v7-m/crtn.o
                0x0000000008002a70                . = ALIGN (0x4)
                0x0000000008002a70                _etext = .

.vfp11_veneer   0x0000000008002a70        0x0
 .vfp11_veneer  0x0000000008002a70        0x0 linker stubs

.v4_bx          0x0000000008002a70        0x0
 .v4_bx         0x0000000008002a70        0x0 linker stubs

.iplt           0x0000000008002a70        0x0
 .iplt          0x0000000008002a70        0x0 c:/st/stm32cubeide_1.5.0/stm32cubeide/plugins/com.st.stm32cube.ide.mcu.externaltools.gnu-tools-for-stm32.7-2018-q2-update.win32_1.5.0.202011040924/tools/bin/../lib/gcc/arm-none-eabi/7.3.1/thumb/v7-m/crtbegin.o

.rodata         0x0000000008002a70      0xb20
                0x0000000008002a70                . = ALIGN (0x4)
 *(.rodata)
 .rodata        0x0000000008002a70        0x2 Core/Src/main.o
 *(.rodata*)
 *fill*         0x0000000008002a72        0x2 
 .rodata.mavlink_sha256_constant_256
                0x0000000008002a74      0x100 Core/Src/mavlink.o
 .rodata.mavlink_message_crcs.6287
                0x0000000008002b74      0xa14 Core/Src/mavlink.o
 .rodata.APBPrescTable
                0x0000000008003588        0x8 Core/Src/system_stm32f1xx.o
                0x0000000008003588                APBPrescTable
                0x0000000008003590                . = ALIGN (0x4)

.rel.dyn        0x0000000008003590        0x0
 .rel.iplt      0x0000000008003590        0x0 c:/st/stm32cubeide_1.5.0/stm32cubeide/plugins/com.st.stm32cube.ide.mcu.externaltools.gnu-tools-for-stm32.7-2018-q2-update.win32_1.5.0.202011040924/tools/bin/../lib/gcc/arm-none-eabi/7.3.1/thumb/v7-m/crtbegin.o

.ARM.extab      0x0000000008003590        0x0
                0x0000000008003590                . = ALIGN (0x4)
 *(.ARM.extab* .gnu.linkonce.armextab.*)
                0x0000000008003590                . = ALIGN (0x4)

.ARM            0x0000000008003590        0x0
                0x0000000008003590                . = ALIGN (0x4)
                0x0000000008003590                __exidx_start = .
 *(.ARM.exidx*)
                0x0000000008003590                __exidx_end = .
                0x0000000008003590                . = ALIGN (0x4)

.preinit_array  0x0000000008003590        0x0
                0x0000000008003590                . = ALIGN (0x4)
                0x0000000008003590                PROVIDE (__preinit_array_start = .)
 *(.preinit_array*)
                0x0000000008003590                PROVIDE (__preinit_array_end = .)
                0x0000000008003590                . = ALIGN (0x4)

.init_array     0x0000000008003590        0x4
                0x0000000008003590                . = ALIGN (0x4)
                0x0000000008003590                PROVIDE (__init_array_start = .)
 *(SORT_BY_NAME(.init_array.*))
 *(.init_array*)
 .init_array    0x0000000008003590        0x4 c:/st/stm32cubeide_1.5.0/stm32cubeide/plugins/com.st.stm32cube.ide.mcu.externaltools.gnu-tools-for-stm32.7-2018-q2-update.win32_1.5.0.202011040924/tools/bin/../lib/gcc/arm-none-eabi/7.3.1/thumb/v7-m/crtbegin.o
                0x0000000008003594                PROVIDE (__init_array_end = .)
                0x0000000008003594                . = ALIGN (0x4)

.fini_array     0x0000000008003594        0x4
                0x0000000008003594                . = ALIGN (0x4)
                [!provide]                        PROVIDE (__fini_array_start = .)
 *(SORT_BY_NAME(.fini_array.*))
 *(.fini_array*)
 .fini_array    0x0000000008003594        0x4 c:/st/stm32cubeide_1.5.0/stm32cubeide/plugins/com.st.stm32cube.ide.mcu.externaltools.gnu-tools-for-stm32.7-2018-q2-update.win32_1.5.0.202011040924/tools/bin/../lib/gcc/arm-none-eabi/7.3.1/thumb/v7-m/crtbegin.o
                [!provide]                        PROVIDE (__fini_array_end = .)
                0x0000000008003598                . = ALIGN (0x4)
                0x0000000008003598                _sidata = LOADADDR (.data)

.data           0x0000000020000000       0x14 load address 0x0000000008003598
                0x0000000020000000                . = ALIGN (0x4)
                0x0000000020000000                _sdata = .
 *(.data)
 *(.data*)
 .data.timChannels
                0x0000000020000000        0x4 Core/Src/motor.o
                0x0000000020000000                timChannels
 .data.RADIO_RX_TIMEOUT
                0x0000000020000004        0x4 Core/Src/radio.o
                0x0000000020000004                RADIO_RX_TIMEOUT
 .data.SystemCoreClock
                0x0000000020000008        0x4 Core/Src/system_stm32f1xx.o
                0x0000000020000008                SystemCoreClock
 .data.uwTickPrio
                0x000000002000000c        0x4 Drivers/STM32F1xx_HAL_Driver/Src/stm32f1xx_hal.o
                0x000000002000000c                uwTickPrio
 .data.uwTickFreq
                0x0000000020000010        0x1 Drivers/STM32F1xx_HAL_Driver/Src/stm32f1xx_hal.o
                0x0000000020000010                uwTickFreq
                0x0000000020000014                . = ALIGN (0x4)
 *fill*         0x0000000020000011        0x3 
                0x0000000020000014                _edata = .

.igot.plt       0x0000000020000014        0x0 load address 0x00000000080035ac
 .igot.plt      0x0000000020000014        0x0 c:/st/stm32cubeide_1.5.0/stm32cubeide/plugins/com.st.stm32cube.ide.mcu.externaltools.gnu-tools-for-stm32.7-2018-q2-update.win32_1.5.0.202011040924/tools/bin/../lib/gcc/arm-none-eabi/7.3.1/thumb/v7-m/crtbegin.o
                0x0000000020000014                . = ALIGN (0x4)

.bss            0x0000000020000014      0x968 load address 0x00000000080035ac
                0x0000000020000014                _sbss = .
                0x0000000020000014                __bss_start__ = _sbss
 *(.bss)
 .bss           0x0000000020000014       0x1c c:/st/stm32cubeide_1.5.0/stm32cubeide/plugins/com.st.stm32cube.ide.mcu.externaltools.gnu-tools-for-stm32.7-2018-q2-update.win32_1.5.0.202011040924/tools/bin/../lib/gcc/arm-none-eabi/7.3.1/thumb/v7-m/crtbegin.o
 *(.bss*)
 .bss.chan      0x0000000020000030        0x4 Core/Src/mavlink.o
                0x0000000020000030                chan
 .bss.m_mavlink_buffer.6178
                0x0000000020000034      0x48c Core/Src/mavlink.o
 .bss.m_mavlink_status.6174
                0x00000000200004c0       0x60 Core/Src/mavlink.o
 *(COMMON)
 COMMON         0x0000000020000520       0xd4 Core/Src/main.o
                0x0000000020000520                htim4
                0x0000000020000560                hi2c2
                0x00000000200005b4                huart1
 COMMON         0x00000000200005f4      0x383 Core/Src/mavlink.o
                0x00000000200005f4                msg
                0x0000000020000718                rx_buffer_mav
                0x0000000020000830                rc_channels_scaled_msg
                0x0000000020000848                status
                0x0000000020000860                byte_arr
 *fill*         0x0000000020000977        0x1 
 COMMON         0x0000000020000978        0x4 Drivers/STM32F1xx_HAL_Driver/Src/stm32f1xx_hal.o
                0x0000000020000978                uwTick
                0x000000002000097c                . = ALIGN (0x4)
                0x000000002000097c                _ebss = .
                0x000000002000097c                __bss_end__ = _ebss

._user_heap_stack
                0x000000002000097c      0x604 load address 0x00000000080035ac
                0x0000000020000980                . = ALIGN (0x8)
 *fill*         0x000000002000097c        0x4 
                [!provide]                        PROVIDE (end = .)
                0x0000000020000980                PROVIDE (_end = .)
                0x0000000020000b80                . = (. + _Min_Heap_Size)
 *fill*         0x0000000020000980      0x200 
                0x0000000020000f80                . = (. + _Min_Stack_Size)
 *fill*         0x0000000020000b80      0x400 
                0x0000000020000f80                . = ALIGN (0x8)

/DISCARD/
 libc.a(*)
 libm.a(*)
 libgcc.a(*)

.ARM.attributes
                0x0000000000000000       0x29
 *(.ARM.attributes)
 .ARM.attributes
                0x0000000000000000       0x1d c:/st/stm32cubeide_1.5.0/stm32cubeide/plugins/com.st.stm32cube.ide.mcu.externaltools.gnu-tools-for-stm32.7-2018-q2-update.win32_1.5.0.202011040924/tools/bin/../lib/gcc/arm-none-eabi/7.3.1/thumb/v7-m/crti.o
 .ARM.attributes
                0x000000000000001d       0x2d c:/st/stm32cubeide_1.5.0/stm32cubeide/plugins/com.st.stm32cube.ide.mcu.externaltools.gnu-tools-for-stm32.7-2018-q2-update.win32_1.5.0.202011040924/tools/bin/../lib/gcc/arm-none-eabi/7.3.1/thumb/v7-m/crtbegin.o
 .ARM.attributes
                0x000000000000004a       0x33 Core/Src/main.o
 .ARM.attributes
                0x000000000000007d       0x33 Core/Src/mavlink.o
 .ARM.attributes
                0x00000000000000b0       0x33 Core/Src/motor.o
 .ARM.attributes
                0x00000000000000e3       0x33 Core/Src/radio.o
 .ARM.attributes
                0x0000000000000116       0x33 Core/Src/stm32f1xx_hal_msp.o
 .ARM.attributes
                0x0000000000000149       0x33 Core/Src/stm32f1xx_it.o
 .ARM.attributes
                0x000000000000017c       0x33 Core/Src/system_stm32f1xx.o
 .ARM.attributes
                0x00000000000001af       0x21 Core/Startup/startup_stm32f103cbtx.o
 .ARM.attributes
                0x00000000000001d0       0x33 Drivers/STM32F1xx_HAL_Driver/Src/stm32f1xx_hal.o
 .ARM.attributes
                0x0000000000000203       0x33 Drivers/STM32F1xx_HAL_Driver/Src/stm32f1xx_hal_cortex.o
 .ARM.attributes
                0x0000000000000236       0x33 Drivers/STM32F1xx_HAL_Driver/Src/stm32f1xx_hal_gpio.o
 .ARM.attributes
                0x0000000000000269       0x33 Drivers/STM32F1xx_HAL_Driver/Src/stm32f1xx_hal_rcc.o
 .ARM.attributes
                0x000000000000029c       0x33 Drivers/STM32F1xx_HAL_Driver/Src/stm32f1xx_hal_tim.o
 .ARM.attributes
                0x00000000000002cf       0x33 Drivers/STM32F1xx_HAL_Driver/Src/stm32f1xx_hal_tim_ex.o
 .ARM.attributes
                0x0000000000000302       0x33 Drivers/STM32F1xx_HAL_Driver/Src/stm32f1xx_hal_uart.o
 .ARM.attributes
                0x0000000000000335       0x2d c:/st/stm32cubeide_1.5.0/stm32cubeide/plugins/com.st.stm32cube.ide.mcu.externaltools.gnu-tools-for-stm32.7-2018-q2-update.win32_1.5.0.202011040924/tools/bin/../lib/gcc/arm-none-eabi/7.3.1/../../../../arm-none-eabi/lib/thumb/v7-m\libc_nano.a(lib_a-init.o)
 .ARM.attributes
                0x0000000000000362       0x2d c:/st/stm32cubeide_1.5.0/stm32cubeide/plugins/com.st.stm32cube.ide.mcu.externaltools.gnu-tools-for-stm32.7-2018-q2-update.win32_1.5.0.202011040924/tools/bin/../lib/gcc/arm-none-eabi/7.3.1/../../../../arm-none-eabi/lib/thumb/v7-m\libc_nano.a(lib_a-memcmp.o)
 .ARM.attributes
                0x000000000000038f       0x2d c:/st/stm32cubeide_1.5.0/stm32cubeide/plugins/com.st.stm32cube.ide.mcu.externaltools.gnu-tools-for-stm32.7-2018-q2-update.win32_1.5.0.202011040924/tools/bin/../lib/gcc/arm-none-eabi/7.3.1/../../../../arm-none-eabi/lib/thumb/v7-m\libc_nano.a(lib_a-memcpy-stub.o)
 .ARM.attributes
                0x00000000000003bc       0x2d c:/st/stm32cubeide_1.5.0/stm32cubeide/plugins/com.st.stm32cube.ide.mcu.externaltools.gnu-tools-for-stm32.7-2018-q2-update.win32_1.5.0.202011040924/tools/bin/../lib/gcc/arm-none-eabi/7.3.1/../../../../arm-none-eabi/lib/thumb/v7-m\libc_nano.a(lib_a-memset.o)
 .ARM.attributes
                0x00000000000003e9       0x1d c:/st/stm32cubeide_1.5.0/stm32cubeide/plugins/com.st.stm32cube.ide.mcu.externaltools.gnu-tools-for-stm32.7-2018-q2-update.win32_1.5.0.202011040924/tools/bin/../lib/gcc/arm-none-eabi/7.3.1/thumb/v7-m/crtn.o
OUTPUT(JakadoesFC.elf elf32-littlearm)

.debug_info     0x0000000000000000     0xd12e
 .debug_info    0x0000000000000000     0x17d2 Core/Src/main.o
 .debug_info    0x00000000000017d2     0x1e59 Core/Src/mavlink.o
 .debug_info    0x000000000000362b      0x6ef Core/Src/motor.o
 .debug_info    0x0000000000003d1a      0x656 Core/Src/radio.o
 .debug_info    0x0000000000004370     0x16e0 Core/Src/stm32f1xx_hal_msp.o
 .debug_info    0x0000000000005a50      0xa83 Core/Src/stm32f1xx_it.o
 .debug_info    0x00000000000064d3      0x433 Core/Src/system_stm32f1xx.o
 .debug_info    0x0000000000006906       0x22 Core/Startup/startup_stm32f103cbtx.o
 .debug_info    0x0000000000006928      0x6fe Drivers/STM32F1xx_HAL_Driver/Src/stm32f1xx_hal.o
 .debug_info    0x0000000000007026      0xb46 Drivers/STM32F1xx_HAL_Driver/Src/stm32f1xx_hal_cortex.o
 .debug_info    0x0000000000007b6c      0x681 Drivers/STM32F1xx_HAL_Driver/Src/stm32f1xx_hal_gpio.o
 .debug_info    0x00000000000081ed      0x804 Drivers/STM32F1xx_HAL_Driver/Src/stm32f1xx_hal_rcc.o
 .debug_info    0x00000000000089f1     0x2456 Drivers/STM32F1xx_HAL_Driver/Src/stm32f1xx_hal_tim.o
 .debug_info    0x000000000000ae47     0x1104 Drivers/STM32F1xx_HAL_Driver/Src/stm32f1xx_hal_tim_ex.o
 .debug_info    0x000000000000bf4b     0x11e3 Drivers/STM32F1xx_HAL_Driver/Src/stm32f1xx_hal_uart.o

.debug_abbrev   0x0000000000000000     0x1e94
 .debug_abbrev  0x0000000000000000      0x2c1 Core/Src/main.o
 .debug_abbrev  0x00000000000002c1      0x3d5 Core/Src/mavlink.o
 .debug_abbrev  0x0000000000000696      0x1a3 Core/Src/motor.o
 .debug_abbrev  0x0000000000000839      0x19f Core/Src/radio.o
 .debug_abbrev  0x00000000000009d8      0x25e Core/Src/stm32f1xx_hal_msp.o
 .debug_abbrev  0x0000000000000c36      0x1d8 Core/Src/stm32f1xx_it.o
 .debug_abbrev  0x0000000000000e0e      0x134 Core/Src/system_stm32f1xx.o
 .debug_abbrev  0x0000000000000f42       0x12 Core/Startup/startup_stm32f103cbtx.o
 .debug_abbrev  0x0000000000000f54      0x1d8 Drivers/STM32F1xx_HAL_Driver/Src/stm32f1xx_hal.o
 .debug_abbrev  0x000000000000112c      0x2d5 Drivers/STM32F1xx_HAL_Driver/Src/stm32f1xx_hal_cortex.o
 .debug_abbrev  0x0000000000001401      0x1c0 Drivers/STM32F1xx_HAL_Driver/Src/stm32f1xx_hal_gpio.o
 .debug_abbrev  0x00000000000015c1      0x243 Drivers/STM32F1xx_HAL_Driver/Src/stm32f1xx_hal_rcc.o
 .debug_abbrev  0x0000000000001804      0x230 Drivers/STM32F1xx_HAL_Driver/Src/stm32f1xx_hal_tim.o
 .debug_abbrev  0x0000000000001a34      0x21e Drivers/STM32F1xx_HAL_Driver/Src/stm32f1xx_hal_tim_ex.o
 .debug_abbrev  0x0000000000001c52      0x242 Drivers/STM32F1xx_HAL_Driver/Src/stm32f1xx_hal_uart.o

.debug_aranges  0x0000000000000000      0xc60
 .debug_aranges
                0x0000000000000000       0x50 Core/Src/main.o
 .debug_aranges
                0x0000000000000050      0x110 Core/Src/mavlink.o
 .debug_aranges
                0x0000000000000160       0x30 Core/Src/motor.o
 .debug_aranges
                0x0000000000000190       0x38 Core/Src/radio.o
 .debug_aranges
                0x00000000000001c8       0x58 Core/Src/stm32f1xx_hal_msp.o
 .debug_aranges
                0x0000000000000220       0x60 Core/Src/stm32f1xx_it.o
 .debug_aranges
                0x0000000000000280       0x28 Core/Src/system_stm32f1xx.o
 .debug_aranges
                0x00000000000002a8       0x28 Core/Startup/startup_stm32f103cbtx.o
 .debug_aranges
                0x00000000000002d0       0xe0 Drivers/STM32F1xx_HAL_Driver/Src/stm32f1xx_hal.o
 .debug_aranges
                0x00000000000003b0      0x100 Drivers/STM32F1xx_HAL_Driver/Src/stm32f1xx_hal_cortex.o
 .debug_aranges
                0x00000000000004b0       0x58 Drivers/STM32F1xx_HAL_Driver/Src/stm32f1xx_hal_gpio.o
 .debug_aranges
                0x0000000000000508       0x90 Drivers/STM32F1xx_HAL_Driver/Src/stm32f1xx_hal_rcc.o
 .debug_aranges
                0x0000000000000598      0x3a8 Drivers/STM32F1xx_HAL_Driver/Src/stm32f1xx_hal_tim.o
 .debug_aranges
                0x0000000000000940      0x150 Drivers/STM32F1xx_HAL_Driver/Src/stm32f1xx_hal_tim_ex.o
 .debug_aranges
                0x0000000000000a90      0x1d0 Drivers/STM32F1xx_HAL_Driver/Src/stm32f1xx_hal_uart.o

.debug_ranges   0x0000000000000000      0xb90
 .debug_ranges  0x0000000000000000       0x40 Core/Src/main.o
 .debug_ranges  0x0000000000000040      0x118 Core/Src/mavlink.o
 .debug_ranges  0x0000000000000158       0x20 Core/Src/motor.o
 .debug_ranges  0x0000000000000178       0x28 Core/Src/radio.o
 .debug_ranges  0x00000000000001a0       0x48 Core/Src/stm32f1xx_hal_msp.o
 .debug_ranges  0x00000000000001e8       0x50 Core/Src/stm32f1xx_it.o
 .debug_ranges  0x0000000000000238       0x18 Core/Src/system_stm32f1xx.o
 .debug_ranges  0x0000000000000250       0x20 Core/Startup/startup_stm32f103cbtx.o
 .debug_ranges  0x0000000000000270       0xd0 Drivers/STM32F1xx_HAL_Driver/Src/stm32f1xx_hal.o
 .debug_ranges  0x0000000000000340       0xf0 Drivers/STM32F1xx_HAL_Driver/Src/stm32f1xx_hal_cortex.o
 .debug_ranges  0x0000000000000430       0x48 Drivers/STM32F1xx_HAL_Driver/Src/stm32f1xx_hal_gpio.o
 .debug_ranges  0x0000000000000478       0x80 Drivers/STM32F1xx_HAL_Driver/Src/stm32f1xx_hal_rcc.o
 .debug_ranges  0x00000000000004f8      0x398 Drivers/STM32F1xx_HAL_Driver/Src/stm32f1xx_hal_tim.o
 .debug_ranges  0x0000000000000890      0x140 Drivers/STM32F1xx_HAL_Driver/Src/stm32f1xx_hal_tim_ex.o
 .debug_ranges  0x00000000000009d0      0x1c0 Drivers/STM32F1xx_HAL_Driver/Src/stm32f1xx_hal_uart.o

.debug_macro    0x0000000000000000    0x1b15f
 .debug_macro   0x0000000000000000      0xcd6 Core/Src/main.o
 .debug_macro   0x0000000000000cd6      0xa5a Core/Src/main.o
 .debug_macro   0x0000000000001730      0x221 Core/Src/main.o
 .debug_macro   0x0000000000001951       0x2e Core/Src/main.o
 .debug_macro   0x000000000000197f       0x22 Core/Src/main.o
 .debug_macro   0x00000000000019a1       0x22 Core/Src/main.o
 .debug_macro   0x00000000000019c3       0x8e Core/Src/main.o
 .debug_macro   0x0000000000001a51       0x51 Core/Src/main.o
 .debug_macro   0x0000000000001aa2       0xef Core/Src/main.o
 .debug_macro   0x0000000000001b91       0x6a Core/Src/main.o
 .debug_macro   0x0000000000001bfb      0x1df Core/Src/main.o
 .debug_macro   0x0000000000001dda       0x1c Core/Src/main.o
 .debug_macro   0x0000000000001df6       0x22 Core/Src/main.o
 .debug_macro   0x0000000000001e18       0xc3 Core/Src/main.o
 .debug_macro   0x0000000000001edb      0xd23 Core/Src/main.o
 .debug_macro   0x0000000000002bfe     0xe09e Core/Src/main.o
 .debug_macro   0x0000000000010c9c       0x43 Core/Src/main.o
 .debug_macro   0x0000000000010cdf      0x174 Core/Src/main.o
 .debug_macro   0x0000000000010e53       0x5a Core/Src/main.o
 .debug_macro   0x0000000000010ead      0x5be Core/Src/main.o
 .debug_macro   0x000000000001146b      0x289 Core/Src/main.o
 .debug_macro   0x00000000000116f4      0x1cb Core/Src/main.o
 .debug_macro   0x00000000000118bf      0x114 Core/Src/main.o
 .debug_macro   0x00000000000119d3      0x1b2 Core/Src/main.o
 .debug_macro   0x0000000000011b85       0x27 Core/Src/main.o
 .debug_macro   0x0000000000011bac      0x136 Core/Src/main.o
 .debug_macro   0x0000000000011ce2      0x1bc Core/Src/main.o
 .debug_macro   0x0000000000011e9e       0x34 Core/Src/main.o
 .debug_macro   0x0000000000011ed2       0x3c Core/Src/main.o
 .debug_macro   0x0000000000011f0e       0x57 Core/Src/main.o
 .debug_macro   0x0000000000011f65       0x88 Core/Src/main.o
 .debug_macro   0x0000000000011fed      0x241 Core/Src/main.o
 .debug_macro   0x000000000001222e      0x280 Core/Src/main.o
 .debug_macro   0x00000000000124ae      0x141 Core/Src/main.o
 .debug_macro   0x00000000000125ef      0x88b Core/Src/main.o
 .debug_macro   0x0000000000012e7a      0x26b Core/Src/main.o
 .debug_macro   0x00000000000130e5       0x83 Core/Src/main.o
 .debug_macro   0x0000000000013168       0x2e Core/Src/main.o
 .debug_macro   0x0000000000013196       0x1c Core/Src/main.o
 .debug_macro   0x00000000000131b2       0x22 Core/Src/main.o
 .debug_macro   0x00000000000131d4       0x46 Core/Src/main.o
 .debug_macro   0x000000000001321a       0x18 Core/Src/main.o
 .debug_macro   0x0000000000013232       0x3c Core/Src/main.o
 .debug_macro   0x000000000001326e       0x34 Core/Src/main.o
 .debug_macro   0x00000000000132a2       0x52 Core/Src/main.o
 .debug_macro   0x00000000000132f4       0x1f Core/Src/main.o
 .debug_macro   0x0000000000013313       0x43 Core/Src/main.o
 .debug_macro   0x0000000000013356       0x20 Core/Src/main.o
 .debug_macro   0x0000000000013376      0x1a3 Core/Src/main.o
 .debug_macro   0x0000000000013519      0x32a Core/Src/main.o
 .debug_macro   0x0000000000013843       0x10 Core/Src/main.o
 .debug_macro   0x0000000000013853       0x35 Core/Src/main.o
 .debug_macro   0x0000000000013888       0x20 Core/Src/main.o
 .debug_macro   0x00000000000138a8       0x22 Core/Src/main.o
 .debug_macro   0x00000000000138ca       0xbf Core/Src/main.o
 .debug_macro   0x0000000000013989       0x2e Core/Src/main.o
 .debug_macro   0x00000000000139b7       0x10 Core/Src/main.o
 .debug_macro   0x00000000000139c7      0x1e1 Core/Src/main.o
 .debug_macro   0x0000000000013ba8       0x1c Core/Src/main.o
 .debug_macro   0x0000000000013bc4       0x10 Core/Src/main.o
 .debug_macro   0x0000000000013bd4       0x10 Core/Src/main.o
 .debug_macro   0x0000000000013be4       0x1c Core/Src/main.o
 .debug_macro   0x0000000000013c00       0x52 Core/Src/main.o
 .debug_macro   0x0000000000013c52       0x40 Core/Src/main.o
 .debug_macro   0x0000000000013c92       0x10 Core/Src/main.o
 .debug_macro   0x0000000000013ca2       0x40 Core/Src/main.o
 .debug_macro   0x0000000000013ce2       0xd7 Core/Src/main.o
 .debug_macro   0x0000000000013db9       0x1c Core/Src/main.o
 .debug_macro   0x0000000000013dd5       0x3d Core/Src/main.o
 .debug_macro   0x0000000000013e12       0x16 Core/Src/main.o
 .debug_macro   0x0000000000013e28      0x145 Core/Src/main.o
 .debug_macro   0x0000000000013f6d       0xaf Core/Src/main.o
 .debug_macro   0x000000000001401c       0x12 Core/Src/main.o
 .debug_macro   0x000000000001402e       0x7b Core/Src/main.o
 .debug_macro   0x00000000000140a9       0x10 Core/Src/main.o
 .debug_macro   0x00000000000140b9      0x34a Core/Src/main.o
 .debug_macro   0x0000000000014403       0x34 Core/Src/main.o
 .debug_macro   0x0000000000014437       0x34 Core/Src/main.o
 .debug_macro   0x000000000001446b       0x34 Core/Src/main.o
 .debug_macro   0x000000000001449f       0x3a Core/Src/main.o
 .debug_macro   0x00000000000144d9       0x34 Core/Src/main.o
 .debug_macro   0x000000000001450d       0x3a Core/Src/main.o
 .debug_macro   0x0000000000014547       0x34 Core/Src/main.o
 .debug_macro   0x000000000001457b       0x34 Core/Src/main.o
 .debug_macro   0x00000000000145af       0x3a Core/Src/main.o
 .debug_macro   0x00000000000145e9       0x3a Core/Src/main.o
 .debug_macro   0x0000000000014623       0x34 Core/Src/main.o
 .debug_macro   0x0000000000014657       0x3a Core/Src/main.o
 .debug_macro   0x0000000000014691       0x3a Core/Src/main.o
 .debug_macro   0x00000000000146cb       0x34 Core/Src/main.o
 .debug_macro   0x00000000000146ff       0x52 Core/Src/main.o
 .debug_macro   0x0000000000014751       0x34 Core/Src/main.o
 .debug_macro   0x0000000000014785       0x34 Core/Src/main.o
 .debug_macro   0x00000000000147b9       0x34 Core/Src/main.o
 .debug_macro   0x00000000000147ed       0x34 Core/Src/main.o
 .debug_macro   0x0000000000014821       0x34 Core/Src/main.o
 .debug_macro   0x0000000000014855       0x3a Core/Src/main.o
 .debug_macro   0x000000000001488f       0x34 Core/Src/main.o
 .debug_macro   0x00000000000148c3       0x34 Core/Src/main.o
 .debug_macro   0x00000000000148f7       0x34 Core/Src/main.o
 .debug_macro   0x000000000001492b       0x34 Core/Src/main.o
 .debug_macro   0x000000000001495f       0x34 Core/Src/main.o
 .debug_macro   0x0000000000014993       0x34 Core/Src/main.o
 .debug_macro   0x00000000000149c7       0x34 Core/Src/main.o
 .debug_macro   0x00000000000149fb       0x34 Core/Src/main.o
 .debug_macro   0x0000000000014a2f       0x34 Core/Src/main.o
 .debug_macro   0x0000000000014a63       0x34 Core/Src/main.o
 .debug_macro   0x0000000000014a97       0x34 Core/Src/main.o
 .debug_macro   0x0000000000014acb       0x34 Core/Src/main.o
 .debug_macro   0x0000000000014aff       0x34 Core/Src/main.o
 .debug_macro   0x0000000000014b33       0x34 Core/Src/main.o
 .debug_macro   0x0000000000014b67       0x34 Core/Src/main.o
 .debug_macro   0x0000000000014b9b       0x34 Core/Src/main.o
 .debug_macro   0x0000000000014bcf       0x34 Core/Src/main.o
 .debug_macro   0x0000000000014c03       0x34 Core/Src/main.o
 .debug_macro   0x0000000000014c37       0x3a Core/Src/main.o
 .debug_macro   0x0000000000014c71       0x34 Core/Src/main.o
 .debug_macro   0x0000000000014ca5       0x34 Core/Src/main.o
 .debug_macro   0x0000000000014cd9       0x34 Core/Src/main.o
 .debug_macro   0x0000000000014d0d       0x34 Core/Src/main.o
 .debug_macro   0x0000000000014d41       0x40 Core/Src/main.o
 .debug_macro   0x0000000000014d81       0x34 Core/Src/main.o
 .debug_macro   0x0000000000014db5       0x3a Core/Src/main.o
 .debug_macro   0x0000000000014def       0x3a Core/Src/main.o
 .debug_macro   0x0000000000014e29       0x34 Core/Src/main.o
 .debug_macro   0x0000000000014e5d       0x34 Core/Src/main.o
 .debug_macro   0x0000000000014e91       0x34 Core/Src/main.o
 .debug_macro   0x0000000000014ec5       0x34 Core/Src/main.o
 .debug_macro   0x0000000000014ef9       0x34 Core/Src/main.o
 .debug_macro   0x0000000000014f2d       0x34 Core/Src/main.o
 .debug_macro   0x0000000000014f61       0x34 Core/Src/main.o
 .debug_macro   0x0000000000014f95       0x34 Core/Src/main.o
 .debug_macro   0x0000000000014fc9       0x34 Core/Src/main.o
 .debug_macro   0x0000000000014ffd       0x34 Core/Src/main.o
 .debug_macro   0x0000000000015031       0x34 Core/Src/main.o
 .debug_macro   0x0000000000015065       0x34 Core/Src/main.o
 .debug_macro   0x0000000000015099       0x3a Core/Src/main.o
 .debug_macro   0x00000000000150d3       0x3a Core/Src/main.o
 .debug_macro   0x000000000001510d       0x34 Core/Src/main.o
 .debug_macro   0x0000000000015141       0x34 Core/Src/main.o
 .debug_macro   0x0000000000015175       0x34 Core/Src/main.o
 .debug_macro   0x00000000000151a9       0x34 Core/Src/main.o
 .debug_macro   0x00000000000151dd       0x34 Core/Src/main.o
 .debug_macro   0x0000000000015211       0x34 Core/Src/main.o
 .debug_macro   0x0000000000015245       0x34 Core/Src/main.o
 .debug_macro   0x0000000000015279       0x34 Core/Src/main.o
 .debug_macro   0x00000000000152ad       0x3a Core/Src/main.o
 .debug_macro   0x00000000000152e7       0x34 Core/Src/main.o
 .debug_macro   0x000000000001531b       0x3a Core/Src/main.o
 .debug_macro   0x0000000000015355       0x3a Core/Src/main.o
 .debug_macro   0x000000000001538f       0x3a Core/Src/main.o
 .debug_macro   0x00000000000153c9       0x3a Core/Src/main.o
 .debug_macro   0x0000000000015403       0x34 Core/Src/main.o
 .debug_macro   0x0000000000015437       0x34 Core/Src/main.o
 .debug_macro   0x000000000001546b       0x34 Core/Src/main.o
 .debug_macro   0x000000000001549f       0x34 Core/Src/main.o
 .debug_macro   0x00000000000154d3       0x34 Core/Src/main.o
 .debug_macro   0x0000000000015507       0x3a Core/Src/main.o
 .debug_macro   0x0000000000015541       0x34 Core/Src/main.o
 .debug_macro   0x0000000000015575       0x34 Core/Src/main.o
 .debug_macro   0x00000000000155a9       0x34 Core/Src/main.o
 .debug_macro   0x00000000000155dd       0x34 Core/Src/main.o
 .debug_macro   0x0000000000015611       0x3a Core/Src/main.o
 .debug_macro   0x000000000001564b       0x34 Core/Src/main.o
 .debug_macro   0x000000000001567f       0x34 Core/Src/main.o
 .debug_macro   0x00000000000156b3       0x34 Core/Src/main.o
 .debug_macro   0x00000000000156e7       0x34 Core/Src/main.o
 .debug_macro   0x000000000001571b       0x3a Core/Src/main.o
 .debug_macro   0x0000000000015755       0x34 Core/Src/main.o
 .debug_macro   0x0000000000015789       0x34 Core/Src/main.o
 .debug_macro   0x00000000000157bd       0x3a Core/Src/main.o
 .debug_macro   0x00000000000157f7       0x34 Core/Src/main.o
 .debug_macro   0x000000000001582b       0x34 Core/Src/main.o
 .debug_macro   0x000000000001585f       0x3a Core/Src/main.o
 .debug_macro   0x0000000000015899       0x34 Core/Src/main.o
 .debug_macro   0x00000000000158cd       0x34 Core/Src/main.o
 .debug_macro   0x0000000000015901       0x34 Core/Src/main.o
 .debug_macro   0x0000000000015935       0x34 Core/Src/main.o
 .debug_macro   0x0000000000015969       0x3a Core/Src/main.o
 .debug_macro   0x00000000000159a3       0x3a Core/Src/main.o
 .debug_macro   0x00000000000159dd       0x34 Core/Src/main.o
 .debug_macro   0x0000000000015a11       0x3a Core/Src/main.o
 .debug_macro   0x0000000000015a4b       0x34 Core/Src/main.o
 .debug_macro   0x0000000000015a7f       0x34 Core/Src/main.o
 .debug_macro   0x0000000000015ab3       0x34 Core/Src/main.o
 .debug_macro   0x0000000000015ae7       0x40 Core/Src/main.o
 .debug_macro   0x0000000000015b27       0x3a Core/Src/main.o
 .debug_macro   0x0000000000015b61       0x3a Core/Src/main.o
 .debug_macro   0x0000000000015b9b       0x34 Core/Src/main.o
 .debug_macro   0x0000000000015bcf       0x40 Core/Src/main.o
 .debug_macro   0x0000000000015c0f       0x34 Core/Src/main.o
 .debug_macro   0x0000000000015c43       0x52 Core/Src/main.o
 .debug_macro   0x0000000000015c95       0x46 Core/Src/main.o
 .debug_macro   0x0000000000015cdb       0x40 Core/Src/main.o
 .debug_macro   0x0000000000015d1b       0x4c Core/Src/main.o
 .debug_macro   0x0000000000015d67       0x3a Core/Src/main.o
 .debug_macro   0x0000000000015da1       0x34 Core/Src/main.o
 .debug_macro   0x0000000000015dd5       0x34 Core/Src/main.o
 .debug_macro   0x0000000000015e09       0x34 Core/Src/main.o
 .debug_macro   0x0000000000015e3d       0x34 Core/Src/main.o
 .debug_macro   0x0000000000015e71       0x34 Core/Src/main.o
 .debug_macro   0x0000000000015ea5       0x34 Core/Src/main.o
 .debug_macro   0x0000000000015ed9       0x3a Core/Src/main.o
 .debug_macro   0x0000000000015f13       0x34 Core/Src/main.o
 .debug_macro   0x0000000000015f47       0x34 Core/Src/main.o
 .debug_macro   0x0000000000015f7b       0x34 Core/Src/main.o
 .debug_macro   0x0000000000015faf       0x3a Core/Src/main.o
 .debug_macro   0x0000000000015fe9       0x3a Core/Src/main.o
 .debug_macro   0x0000000000016023       0x34 Core/Src/main.o
 .debug_macro   0x0000000000016057       0x34 Core/Src/main.o
 .debug_macro   0x000000000001608b       0x3a Core/Src/main.o
 .debug_macro   0x00000000000160c5       0x34 Core/Src/main.o
 .debug_macro   0x00000000000160f9       0x3a Core/Src/main.o
 .debug_macro   0x0000000000016133       0x3a Core/Src/main.o
 .debug_macro   0x000000000001616d       0x3a Core/Src/main.o
 .debug_macro   0x00000000000161a7       0x3a Core/Src/main.o
 .debug_macro   0x00000000000161e1       0x3a Core/Src/main.o
 .debug_macro   0x000000000001621b       0x3a Core/Src/main.o
 .debug_macro   0x0000000000016255       0x34 Core/Src/main.o
 .debug_macro   0x0000000000016289       0x3a Core/Src/main.o
 .debug_macro   0x00000000000162c3       0x34 Core/Src/main.o
 .debug_macro   0x00000000000162f7       0x40 Core/Src/main.o
 .debug_macro   0x0000000000016337       0x46 Core/Src/main.o
 .debug_macro   0x000000000001637d       0x34 Core/Src/main.o
 .debug_macro   0x00000000000163b1       0x3a Core/Src/main.o
 .debug_macro   0x00000000000163eb       0x34 Core/Src/main.o
 .debug_macro   0x000000000001641f       0x40 Core/Src/main.o
 .debug_macro   0x000000000001645f       0x34 Core/Src/main.o
 .debug_macro   0x0000000000016493       0x34 Core/Src/main.o
 .debug_macro   0x00000000000164c7       0x3a Core/Src/main.o
 .debug_macro   0x0000000000016501       0x3a Core/Src/main.o
 .debug_macro   0x000000000001653b       0x34 Core/Src/main.o
 .debug_macro   0x000000000001656f       0x40 Core/Src/main.o
 .debug_macro   0x00000000000165af       0x34 Core/Src/main.o
 .debug_macro   0x00000000000165e3       0x3a Core/Src/main.o
 .debug_macro   0x000000000001661d       0x34 Core/Src/main.o
 .debug_macro   0x0000000000016651       0x34 Core/Src/main.o
 .debug_macro   0x0000000000016685       0x34 Core/Src/main.o
 .debug_macro   0x00000000000166b9       0x34 Core/Src/main.o
 .debug_macro   0x00000000000166ed       0x3a Core/Src/main.o
 .debug_macro   0x0000000000016727       0x46 Core/Src/main.o
 .debug_macro   0x000000000001676d       0x3a Core/Src/main.o
 .debug_macro   0x00000000000167a7       0x3a Core/Src/main.o
 .debug_macro   0x00000000000167e1       0x3a Core/Src/main.o
 .debug_macro   0x000000000001681b       0x34 Core/Src/main.o
 .debug_macro   0x000000000001684f       0x34 Core/Src/main.o
 .debug_macro   0x0000000000016883       0x46 Core/Src/main.o
 .debug_macro   0x00000000000168c9       0x46 Core/Src/main.o
 .debug_macro   0x000000000001690f       0x40 Core/Src/main.o
 .debug_macro   0x000000000001694f       0x40 Core/Src/main.o
 .debug_macro   0x000000000001698f       0x34 Core/Src/main.o
 .debug_macro   0x00000000000169c3       0x40 Core/Src/main.o
 .debug_macro   0x0000000000016a03       0x3a Core/Src/main.o
 .debug_macro   0x0000000000016a3d       0x34 Core/Src/main.o
 .debug_macro   0x0000000000016a71       0x40 Core/Src/main.o
 .debug_macro   0x0000000000016ab1       0x40 Core/Src/main.o
 .debug_macro   0x0000000000016af1       0x40 Core/Src/main.o
 .debug_macro   0x0000000000016b31       0x40 Core/Src/main.o
 .debug_macro   0x0000000000016b71       0x40 Core/Src/main.o
 .debug_macro   0x0000000000016bb1       0x40 Core/Src/main.o
 .debug_macro   0x0000000000016bf1       0x3a Core/Src/main.o
 .debug_macro   0x0000000000016c2b       0x46 Core/Src/main.o
 .debug_macro   0x0000000000016c71       0x7c Core/Src/main.o
 .debug_macro   0x0000000000016ced       0x52 Core/Src/main.o
 .debug_macro   0x0000000000016d3f       0x34 Core/Src/main.o
 .debug_macro   0x0000000000016d73       0x34 Core/Src/main.o
 .debug_macro   0x0000000000016da7       0x4c Core/Src/main.o
 .debug_macro   0x0000000000016df3       0x34 Core/Src/main.o
 .debug_macro   0x0000000000016e27       0x3a Core/Src/main.o
 .debug_macro   0x0000000000016e61       0x40 Core/Src/main.o
 .debug_macro   0x0000000000016ea1       0x34 Core/Src/main.o
 .debug_macro   0x0000000000016ed5       0x40 Core/Src/main.o
 .debug_macro   0x0000000000016f15       0x34 Core/Src/main.o
 .debug_macro   0x0000000000016f49       0x3a Core/Src/main.o
 .debug_macro   0x0000000000016f83       0x34 Core/Src/main.o
 .debug_macro   0x0000000000016fb7       0x3a Core/Src/main.o
 .debug_macro   0x0000000000016ff1       0x88 Core/Src/main.o
 .debug_macro   0x0000000000017079       0x40 Core/Src/main.o
 .debug_macro   0x00000000000170b9       0x3a Core/Src/main.o
 .debug_macro   0x00000000000170f3       0x34 Core/Src/main.o
 .debug_macro   0x0000000000017127       0x3a Core/Src/main.o
 .debug_macro   0x0000000000017161       0x34 Core/Src/main.o
 .debug_macro   0x0000000000017195       0x40 Core/Src/main.o
 .debug_macro   0x00000000000171d5       0x3a Core/Src/main.o
 .debug_macro   0x000000000001720f       0x40 Core/Src/main.o
 .debug_macro   0x000000000001724f       0x40 Core/Src/main.o
 .debug_macro   0x000000000001728f       0x3a Core/Src/main.o
 .debug_macro   0x00000000000172c9       0x40 Core/Src/main.o
 .debug_macro   0x0000000000017309       0x3a Core/Src/main.o
 .debug_macro   0x0000000000017343       0x43 Core/Src/main.o
 .debug_macro   0x0000000000017386       0x34 Core/Src/main.o
 .debug_macro   0x00000000000173ba       0x40 Core/Src/main.o
 .debug_macro   0x00000000000173fa       0x12 Core/Src/main.o
 .debug_macro   0x000000000001740c       0x12 Core/Src/main.o
 .debug_macro   0x000000000001741e       0x1c Core/Src/main.o
 .debug_macro   0x000000000001743a      0xcdf Core/Src/mavlink.o
 .debug_macro   0x0000000000018119       0x40 Core/Src/mavlink.o
 .debug_macro   0x0000000000018159       0x94 Core/Src/mavlink.o
 .debug_macro   0x00000000000181ed       0x57 Core/Src/mavlink.o
 .debug_macro   0x0000000000018244      0x330 Core/Src/mavlink.o
 .debug_macro   0x0000000000018574       0xbd Core/Src/mavlink.o
 .debug_macro   0x0000000000018631       0x54 Core/Src/mavlink.o
 .debug_macro   0x0000000000018685      0x1b6 Core/Src/motor.o
 .debug_macro   0x000000000001883b      0x1a4 Core/Src/radio.o
 .debug_macro   0x00000000000189df      0xcd6 Core/Src/stm32f1xx_hal_msp.o
 .debug_macro   0x00000000000196b5      0xce1 Core/Src/stm32f1xx_it.o
 .debug_macro   0x000000000001a396      0x1aa Core/Src/system_stm32f1xx.o
 .debug_macro   0x000000000001a540      0x1c8 Drivers/STM32F1xx_HAL_Driver/Src/stm32f1xx_hal.o
 .debug_macro   0x000000000001a708      0x1a4 Drivers/STM32F1xx_HAL_Driver/Src/stm32f1xx_hal_cortex.o
 .debug_macro   0x000000000001a8ac      0x20f Drivers/STM32F1xx_HAL_Driver/Src/stm32f1xx_hal_gpio.o
 .debug_macro   0x000000000001aabb      0x1b6 Drivers/STM32F1xx_HAL_Driver/Src/stm32f1xx_hal_rcc.o
 .debug_macro   0x000000000001ac71      0x1a5 Drivers/STM32F1xx_HAL_Driver/Src/stm32f1xx_hal_tim.o
 .debug_macro   0x000000000001ae16      0x1a4 Drivers/STM32F1xx_HAL_Driver/Src/stm32f1xx_hal_tim_ex.o
 .debug_macro   0x000000000001afba      0x1a5 Drivers/STM32F1xx_HAL_Driver/Src/stm32f1xx_hal_uart.o

.debug_line     0x0000000000000000    0x10ea1
 .debug_line    0x0000000000000000     0x2851 Core/Src/main.o
 .debug_line    0x0000000000002851     0x2d63 Core/Src/mavlink.o
 .debug_line    0x00000000000055b4      0x692 Core/Src/motor.o
 .debug_line    0x0000000000005c46      0x66a Core/Src/radio.o
 .debug_line    0x00000000000062b0     0x2830 Core/Src/stm32f1xx_hal_msp.o
 .debug_line    0x0000000000008ae0     0x2836 Core/Src/stm32f1xx_it.o
 .debug_line    0x000000000000b316      0x67e Core/Src/system_stm32f1xx.o
 .debug_line    0x000000000000b994       0x84 Core/Startup/startup_stm32f103cbtx.o
 .debug_line    0x000000000000ba18      0x826 Drivers/STM32F1xx_HAL_Driver/Src/stm32f1xx_hal.o
 .debug_line    0x000000000000c23e      0x8ff Drivers/STM32F1xx_HAL_Driver/Src/stm32f1xx_hal_cortex.o
 .debug_line    0x000000000000cb3d      0x826 Drivers/STM32F1xx_HAL_Driver/Src/stm32f1xx_hal_gpio.o
 .debug_line    0x000000000000d363      0x8e8 Drivers/STM32F1xx_HAL_Driver/Src/stm32f1xx_hal_rcc.o
 .debug_line    0x000000000000dc4b     0x16ec Drivers/STM32F1xx_HAL_Driver/Src/stm32f1xx_hal_tim.o
 .debug_line    0x000000000000f337      0xc39 Drivers/STM32F1xx_HAL_Driver/Src/stm32f1xx_hal_tim_ex.o
 .debug_line    0x000000000000ff70      0xf31 Drivers/STM32F1xx_HAL_Driver/Src/stm32f1xx_hal_uart.o

.debug_str      0x0000000000000000    0xb9138
 .debug_str     0x0000000000000000    0xb5c0e Core/Src/main.o
                                      0xb6023 (size before relaxing)
 .debug_str     0x00000000000b5c0e      0xae0 Core/Src/mavlink.o
                                      0xb60a5 (size before relaxing)
 .debug_str     0x00000000000b66ee       0xdb Core/Src/motor.o
                                      0x6c5dd (size before relaxing)
 .debug_str     0x00000000000b67c9       0x99 Core/Src/radio.o
                                      0x6c552 (size before relaxing)
 .debug_str     0x00000000000b6862       0xf7 Core/Src/stm32f1xx_hal_msp.o
                                      0xb5e31 (size before relaxing)
 .debug_str     0x00000000000b6959       0xbd Core/Src/stm32f1xx_it.o
                                      0xb5573 (size before relaxing)
 .debug_str     0x00000000000b6a16       0xc2 Core/Src/system_stm32f1xx.o
                                      0x6c217 (size before relaxing)
 .debug_str     0x00000000000b6ad8       0x36 Core/Startup/startup_stm32f103cbtx.o
                                         0x8e (size before relaxing)
 .debug_str     0x00000000000b6b0e      0x61f Drivers/STM32F1xx_HAL_Driver/Src/stm32f1xx_hal.o
                                      0x6c828 (size before relaxing)
 .debug_str     0x00000000000b712d      0x2c8 Drivers/STM32F1xx_HAL_Driver/Src/stm32f1xx_hal_cortex.o
                                      0x6c836 (size before relaxing)
 .debug_str     0x00000000000b73f5      0x324 Drivers/STM32F1xx_HAL_Driver/Src/stm32f1xx_hal_gpio.o
                                      0x6c561 (size before relaxing)
 .debug_str     0x00000000000b7719      0x263 Drivers/STM32F1xx_HAL_Driver/Src/stm32f1xx_hal_rcc.o
                                      0x6c59a (size before relaxing)
 .debug_str     0x00000000000b797c      0xd77 Drivers/STM32F1xx_HAL_Driver/Src/stm32f1xx_hal_tim.o
                                      0x6d365 (size before relaxing)
 .debug_str     0x00000000000b86f3      0x52f Drivers/STM32F1xx_HAL_Driver/Src/stm32f1xx_hal_tim_ex.o
                                      0x6cb65 (size before relaxing)
 .debug_str     0x00000000000b8c22      0x516 Drivers/STM32F1xx_HAL_Driver/Src/stm32f1xx_hal_uart.o
                                      0x6ca89 (size before relaxing)

.comment        0x0000000000000000       0x7b
 .comment       0x0000000000000000       0x7b Core/Src/main.o
                                         0x7c (size before relaxing)
 .comment       0x000000000000007b       0x7c Core/Src/mavlink.o
 .comment       0x000000000000007b       0x7c Core/Src/motor.o
 .comment       0x000000000000007b       0x7c Core/Src/radio.o
 .comment       0x000000000000007b       0x7c Core/Src/stm32f1xx_hal_msp.o
 .comment       0x000000000000007b       0x7c Core/Src/stm32f1xx_it.o
 .comment       0x000000000000007b       0x7c Core/Src/system_stm32f1xx.o
 .comment       0x000000000000007b       0x7c Drivers/STM32F1xx_HAL_Driver/Src/stm32f1xx_hal.o
 .comment       0x000000000000007b       0x7c Drivers/STM32F1xx_HAL_Driver/Src/stm32f1xx_hal_cortex.o
 .comment       0x000000000000007b       0x7c Drivers/STM32F1xx_HAL_Driver/Src/stm32f1xx_hal_gpio.o
 .comment       0x000000000000007b       0x7c Drivers/STM32F1xx_HAL_Driver/Src/stm32f1xx_hal_rcc.o
 .comment       0x000000000000007b       0x7c Drivers/STM32F1xx_HAL_Driver/Src/stm32f1xx_hal_tim.o
 .comment       0x000000000000007b       0x7c Drivers/STM32F1xx_HAL_Driver/Src/stm32f1xx_hal_tim_ex.o
 .comment       0x000000000000007b       0x7c Drivers/STM32F1xx_HAL_Driver/Src/stm32f1xx_hal_uart.o

.debug_frame    0x0000000000000000     0x33ac
 .debug_frame   0x0000000000000000       0xf4 Core/Src/main.o
 .debug_frame   0x00000000000000f4      0x4b8 Core/Src/mavlink.o
 .debug_frame   0x00000000000005ac       0x84 Core/Src/motor.o
 .debug_frame   0x0000000000000630       0x9c Core/Src/radio.o
 .debug_frame   0x00000000000006cc      0x13c Core/Src/stm32f1xx_hal_msp.o
 .debug_frame   0x0000000000000808      0x10c Core/Src/stm32f1xx_it.o
 .debug_frame   0x0000000000000914       0x58 Core/Src/system_stm32f1xx.o
 .debug_frame   0x000000000000096c      0x334 Drivers/STM32F1xx_HAL_Driver/Src/stm32f1xx_hal.o
 .debug_frame   0x0000000000000ca0      0x428 Drivers/STM32F1xx_HAL_Driver/Src/stm32f1xx_hal_cortex.o
 .debug_frame   0x00000000000010c8      0x14c Drivers/STM32F1xx_HAL_Driver/Src/stm32f1xx_hal_gpio.o
 .debug_frame   0x0000000000001214      0x21c Drivers/STM32F1xx_HAL_Driver/Src/stm32f1xx_hal_rcc.o
 .debug_frame   0x0000000000001430     0x10e8 Drivers/STM32F1xx_HAL_Driver/Src/stm32f1xx_hal_tim.o
 .debug_frame   0x0000000000002518      0x5c0 Drivers/STM32F1xx_HAL_Driver/Src/stm32f1xx_hal_tim_ex.o
 .debug_frame   0x0000000000002ad8      0x834 Drivers/STM32F1xx_HAL_Driver/Src/stm32f1xx_hal_uart.o
 .debug_frame   0x000000000000330c       0x2c c:/st/stm32cubeide_1.5.0/stm32cubeide/plugins/com.st.stm32cube.ide.mcu.externaltools.gnu-tools-for-stm32.7-2018-q2-update.win32_1.5.0.202011040924/tools/bin/../lib/gcc/arm-none-eabi/7.3.1/../../../../arm-none-eabi/lib/thumb/v7-m\libc_nano.a(lib_a-init.o)
 .debug_frame   0x0000000000003338       0x2c c:/st/stm32cubeide_1.5.0/stm32cubeide/plugins/com.st.stm32cube.ide.mcu.externaltools.gnu-tools-for-stm32.7-2018-q2-update.win32_1.5.0.202011040924/tools/bin/../lib/gcc/arm-none-eabi/7.3.1/../../../../arm-none-eabi/lib/thumb/v7-m\libc_nano.a(lib_a-memcmp.o)
 .debug_frame   0x0000000000003364       0x28 c:/st/stm32cubeide_1.5.0/stm32cubeide/plugins/com.st.stm32cube.ide.mcu.externaltools.gnu-tools-for-stm32.7-2018-q2-update.win32_1.5.0.202011040924/tools/bin/../lib/gcc/arm-none-eabi/7.3.1/../../../../arm-none-eabi/lib/thumb/v7-m\libc_nano.a(lib_a-memcpy-stub.o)
 .debug_frame   0x000000000000338c       0x20 c:/st/stm32cubeide_1.5.0/stm32cubeide/plugins/com.st.stm32cube.ide.mcu.externaltools.gnu-tools-for-stm32.7-2018-q2-update.win32_1.5.0.202011040924/tools/bin/../lib/gcc/arm-none-eabi/7.3.1/../../../../arm-none-eabi/lib/thumb/v7-m\libc_nano.a(lib_a-memset.o)
