Archive member included to satisfy reference by file (symbol)

c:/st/stm32cubeide_1.5.0/stm32cubeide/plugins/com.st.stm32cube.ide.mcu.externaltools.gnu-tools-for-stm32.7-2018-q2-update.win32_1.5.0.202011040924/tools/bin/../lib/gcc/arm-none-eabi/7.3.1/../../../../arm-none-eabi/lib/thumb/v7-m\libc_nano.a(lib_a-errno.o)
                              Core/Src/syscalls.o (__errno)
c:/st/stm32cubeide_1.5.0/stm32cubeide/plugins/com.st.stm32cube.ide.mcu.externaltools.gnu-tools-for-stm32.7-2018-q2-update.win32_1.5.0.202011040924/tools/bin/../lib/gcc/arm-none-eabi/7.3.1/../../../../arm-none-eabi/lib/thumb/v7-m\libc_nano.a(lib_a-exit.o)
                              c:/st/stm32cubeide_1.5.0/stm32cubeide/plugins/com.st.stm32cube.ide.mcu.externaltools.gnu-tools-for-stm32.7-2018-q2-update.win32_1.5.0.202011040924/tools/bin/../lib/gcc/arm-none-eabi/7.3.1/../../../../arm-none-eabi/lib/thumb/v7-m/crt0.o (exit)
c:/st/stm32cubeide_1.5.0/stm32cubeide/plugins/com.st.stm32cube.ide.mcu.externaltools.gnu-tools-for-stm32.7-2018-q2-update.win32_1.5.0.202011040924/tools/bin/../lib/gcc/arm-none-eabi/7.3.1/../../../../arm-none-eabi/lib/thumb/v7-m\libc_nano.a(lib_a-impure.o)
                              c:/st/stm32cubeide_1.5.0/stm32cubeide/plugins/com.st.stm32cube.ide.mcu.externaltools.gnu-tools-for-stm32.7-2018-q2-update.win32_1.5.0.202011040924/tools/bin/../lib/gcc/arm-none-eabi/7.3.1/../../../../arm-none-eabi/lib/thumb/v7-m\libc_nano.a(lib_a-exit.o) (_global_impure_ptr)
c:/st/stm32cubeide_1.5.0/stm32cubeide/plugins/com.st.stm32cube.ide.mcu.externaltools.gnu-tools-for-stm32.7-2018-q2-update.win32_1.5.0.202011040924/tools/bin/../lib/gcc/arm-none-eabi/7.3.1/../../../../arm-none-eabi/lib/thumb/v7-m\libc_nano.a(lib_a-init.o)
                              c:/st/stm32cubeide_1.5.0/stm32cubeide/plugins/com.st.stm32cube.ide.mcu.externaltools.gnu-tools-for-stm32.7-2018-q2-update.win32_1.5.0.202011040924/tools/bin/../lib/gcc/arm-none-eabi/7.3.1/../../../../arm-none-eabi/lib/thumb/v7-m/crt0.o (__libc_init_array)
c:/st/stm32cubeide_1.5.0/stm32cubeide/plugins/com.st.stm32cube.ide.mcu.externaltools.gnu-tools-for-stm32.7-2018-q2-update.win32_1.5.0.202011040924/tools/bin/../lib/gcc/arm-none-eabi/7.3.1/../../../../arm-none-eabi/lib/thumb/v7-m\libc_nano.a(lib_a-memcmp.o)
                              Core/Src/mavlink.o (memcmp)
c:/st/stm32cubeide_1.5.0/stm32cubeide/plugins/com.st.stm32cube.ide.mcu.externaltools.gnu-tools-for-stm32.7-2018-q2-update.win32_1.5.0.202011040924/tools/bin/../lib/gcc/arm-none-eabi/7.3.1/../../../../arm-none-eabi/lib/thumb/v7-m\libc_nano.a(lib_a-memcpy-stub.o)
                              Core/Src/mavlink.o (memcpy)
c:/st/stm32cubeide_1.5.0/stm32cubeide/plugins/com.st.stm32cube.ide.mcu.externaltools.gnu-tools-for-stm32.7-2018-q2-update.win32_1.5.0.202011040924/tools/bin/../lib/gcc/arm-none-eabi/7.3.1/../../../../arm-none-eabi/lib/thumb/v7-m\libc_nano.a(lib_a-memset.o)
                              c:/st/stm32cubeide_1.5.0/stm32cubeide/plugins/com.st.stm32cube.ide.mcu.externaltools.gnu-tools-for-stm32.7-2018-q2-update.win32_1.5.0.202011040924/tools/bin/../lib/gcc/arm-none-eabi/7.3.1/../../../../arm-none-eabi/lib/thumb/v7-m/crt0.o (memset)
c:/st/stm32cubeide_1.5.0/stm32cubeide/plugins/com.st.stm32cube.ide.mcu.externaltools.gnu-tools-for-stm32.7-2018-q2-update.win32_1.5.0.202011040924/tools/bin/../lib/gcc/arm-none-eabi/7.3.1/../../../../arm-none-eabi/lib/thumb/v7-m\libc_nano.a(lib_a-strcpy.o)
                              Core/Src/mavlink.o (strcpy)

Allocating common symbols
Common symbol       size              file

baro_coeffs         0xc               Core/Src/barometer.o
baro_prom_rx_buffer
                    0x2               Core/Src/barometer.o
htim4               0x40              Core/Src/main.o
hi2c2               0x54              Core/Src/cam.o
mpu_rx_buffer       0x1               Core/Src/mpu.o
baro_temp_rx_buffer
                    0x3               Core/Src/barometer.o
msg                 0x123             Core/Src/mavlink.o
uwTick              0x4               Drivers/STM32F1xx_HAL_Driver/Src/stm32f1xx_hal.o
pFlash              0x20              Drivers/STM32F1xx_HAL_Driver/Src/stm32f1xx_hal_flash.o
pressure            0x4               Core/Src/barometer.o
rx_buffer_mav       0x117             Core/Src/mavlink.o
huart1              0x40              Core/Src/main.o
rc_channels_scaled_msg
                    0x18              Core/Src/mavlink.o
baro_test           0x1               Core/Src/barometer.o
baro_ready_status   0x1               Core/Src/barometer.o
cam_alert_rx_buffer
                    0x1               Core/Src/cam.o
baro_press_rx_buffer
                    0x3               Core/Src/barometer.o
status              0x18              Core/Src/mavlink.o
byte_arr            0x117             Core/Src/mavlink.o

Discarded input sections

[...]
Memory Configuration

Name             Origin             Length             Attributes
RAM              0x0000000020000000 0x0000000000005000 xrw
FLASH            0x0000000008000000 0x0000000000020000 xr
*default*        0x0000000000000000 0xffffffffffffffff

Linker script and memory map

LOAD c:/st/stm32cubeide_1.5.0/stm32cubeide/plugins/com.st.stm32cube.ide.mcu.externaltools.gnu-tools-for-stm32.7-2018-q2-update.win32_1.5.0.202011040924/tools/bin/../lib/gcc/arm-none-eabi/7.3.1/thumb/v7-m/crti.o
LOAD c:/st/stm32cubeide_1.5.0/stm32cubeide/plugins/com.st.stm32cube.ide.mcu.externaltools.gnu-tools-for-stm32.7-2018-q2-update.win32_1.5.0.202011040924/tools/bin/../lib/gcc/arm-none-eabi/7.3.1/thumb/v7-m/crtbegin.o
LOAD c:/st/stm32cubeide_1.5.0/stm32cubeide/plugins/com.st.stm32cube.ide.mcu.externaltools.gnu-tools-for-stm32.7-2018-q2-update.win32_1.5.0.202011040924/tools/bin/../lib/gcc/arm-none-eabi/7.3.1/../../../../arm-none-eabi/lib/thumb/v7-m/crt0.o
LOAD Core/Src/barometer.o
LOAD Core/Src/cam.o
LOAD Core/Src/helpers.o
LOAD Core/Src/i2c.o
LOAD Core/Src/main.o
LOAD Core/Src/mavlink.o
LOAD Core/Src/motor.o
LOAD Core/Src/mpu.o
LOAD Core/Src/radio.o
LOAD Core/Src/stm32f1xx_hal_msp.o
LOAD Core/Src/stm32f1xx_it.o
LOAD Core/Src/syscalls.o
LOAD Core/Src/sysmem.o
LOAD Core/Src/system_stm32f1xx.o
LOAD Core/Startup/startup_stm32f103cbtx.o
LOAD Drivers/STM32F1xx_HAL_Driver/Src/stm32f1xx_hal.o
LOAD Drivers/STM32F1xx_HAL_Driver/Src/stm32f1xx_hal_cortex.o
LOAD Drivers/STM32F1xx_HAL_Driver/Src/stm32f1xx_hal_dma.o
LOAD Drivers/STM32F1xx_HAL_Driver/Src/stm32f1xx_hal_exti.o
LOAD Drivers/STM32F1xx_HAL_Driver/Src/stm32f1xx_hal_flash.o
LOAD Drivers/STM32F1xx_HAL_Driver/Src/stm32f1xx_hal_flash_ex.o
LOAD Drivers/STM32F1xx_HAL_Driver/Src/stm32f1xx_hal_gpio.o
LOAD Drivers/STM32F1xx_HAL_Driver/Src/stm32f1xx_hal_gpio_ex.o
LOAD Drivers/STM32F1xx_HAL_Driver/Src/stm32f1xx_hal_i2c.o
LOAD Drivers/STM32F1xx_HAL_Driver/Src/stm32f1xx_hal_pwr.o
LOAD Drivers/STM32F1xx_HAL_Driver/Src/stm32f1xx_hal_rcc.o
LOAD Drivers/STM32F1xx_HAL_Driver/Src/stm32f1xx_hal_rcc_ex.o
LOAD Drivers/STM32F1xx_HAL_Driver/Src/stm32f1xx_hal_tim.o
LOAD Drivers/STM32F1xx_HAL_Driver/Src/stm32f1xx_hal_tim_ex.o
LOAD Drivers/STM32F1xx_HAL_Driver/Src/stm32f1xx_hal_uart.o
START GROUP
LOAD c:/st/stm32cubeide_1.5.0/stm32cubeide/plugins/com.st.stm32cube.ide.mcu.externaltools.gnu-tools-for-stm32.7-2018-q2-update.win32_1.5.0.202011040924/tools/bin/../lib/gcc/arm-none-eabi/7.3.1/../../../../arm-none-eabi/lib/thumb/v7-m\libc_nano.a
LOAD c:/st/stm32cubeide_1.5.0/stm32cubeide/plugins/com.st.stm32cube.ide.mcu.externaltools.gnu-tools-for-stm32.7-2018-q2-update.win32_1.5.0.202011040924/tools/bin/../lib/gcc/arm-none-eabi/7.3.1/../../../../arm-none-eabi/lib/thumb/v7-m\libm.a
END GROUP
START GROUP
LOAD c:/st/stm32cubeide_1.5.0/stm32cubeide/plugins/com.st.stm32cube.ide.mcu.externaltools.gnu-tools-for-stm32.7-2018-q2-update.win32_1.5.0.202011040924/tools/bin/../lib/gcc/arm-none-eabi/7.3.1/thumb/v7-m\libgcc.a
LOAD c:/st/stm32cubeide_1.5.0/stm32cubeide/plugins/com.st.stm32cube.ide.mcu.externaltools.gnu-tools-for-stm32.7-2018-q2-update.win32_1.5.0.202011040924/tools/bin/../lib/gcc/arm-none-eabi/7.3.1/../../../../arm-none-eabi/lib/thumb/v7-m\libc_nano.a
END GROUP
START GROUP
LOAD c:/st/stm32cubeide_1.5.0/stm32cubeide/plugins/com.st.stm32cube.ide.mcu.externaltools.gnu-tools-for-stm32.7-2018-q2-update.win32_1.5.0.202011040924/tools/bin/../lib/gcc/arm-none-eabi/7.3.1/thumb/v7-m\libgcc.a
LOAD c:/st/stm32cubeide_1.5.0/stm32cubeide/plugins/com.st.stm32cube.ide.mcu.externaltools.gnu-tools-for-stm32.7-2018-q2-update.win32_1.5.0.202011040924/tools/bin/../lib/gcc/arm-none-eabi/7.3.1/../../../../arm-none-eabi/lib/thumb/v7-m\libc_nano.a
LOAD c:/st/stm32cubeide_1.5.0/stm32cubeide/plugins/com.st.stm32cube.ide.mcu.externaltools.gnu-tools-for-stm32.7-2018-q2-update.win32_1.5.0.202011040924/tools/bin/../lib/gcc/arm-none-eabi/7.3.1/../../../../arm-none-eabi/lib/thumb/v7-m\libnosys.a
END GROUP
START GROUP
LOAD c:/st/stm32cubeide_1.5.0/stm32cubeide/plugins/com.st.stm32cube.ide.mcu.externaltools.gnu-tools-for-stm32.7-2018-q2-update.win32_1.5.0.202011040924/tools/bin/../lib/gcc/arm-none-eabi/7.3.1/thumb/v7-m\libgcc.a
LOAD c:/st/stm32cubeide_1.5.0/stm32cubeide/plugins/com.st.stm32cube.ide.mcu.externaltools.gnu-tools-for-stm32.7-2018-q2-update.win32_1.5.0.202011040924/tools/bin/../lib/gcc/arm-none-eabi/7.3.1/../../../../arm-none-eabi/lib/thumb/v7-m\libc_nano.a
LOAD c:/st/stm32cubeide_1.5.0/stm32cubeide/plugins/com.st.stm32cube.ide.mcu.externaltools.gnu-tools-for-stm32.7-2018-q2-update.win32_1.5.0.202011040924/tools/bin/../lib/gcc/arm-none-eabi/7.3.1/../../../../arm-none-eabi/lib/thumb/v7-m\libnosys.a
END GROUP
LOAD c:/st/stm32cubeide_1.5.0/stm32cubeide/plugins/com.st.stm32cube.ide.mcu.externaltools.gnu-tools-for-stm32.7-2018-q2-update.win32_1.5.0.202011040924/tools/bin/../lib/gcc/arm-none-eabi/7.3.1/thumb/v7-m/crtend.o
LOAD c:/st/stm32cubeide_1.5.0/stm32cubeide/plugins/com.st.stm32cube.ide.mcu.externaltools.gnu-tools-for-stm32.7-2018-q2-update.win32_1.5.0.202011040924/tools/bin/../lib/gcc/arm-none-eabi/7.3.1/thumb/v7-m/crtn.o
                0x0000000020005000                _estack = (ORIGIN (RAM) + LENGTH (RAM))
                0x0000000000000200                _Min_Heap_Size = 0x200
                0x0000000000000400                _Min_Stack_Size = 0x400

.isr_vector     0x0000000008000000      0x10c
                0x0000000008000000                . = ALIGN (0x4)
 *(.isr_vector)
 .isr_vector    0x0000000008000000      0x10c Core/Startup/startup_stm32f103cbtx.o
                0x0000000008000000                g_pfnVectors
                0x000000000800010c                . = ALIGN (0x4)

.text           0x000000000800010c     0x3734
                0x000000000800010c                . = ALIGN (0x4)
 *(.text)
 .text          0x000000000800010c       0x40 c:/st/stm32cubeide_1.5.0/stm32cubeide/plugins/com.st.stm32cube.ide.mcu.externaltools.gnu-tools-for-stm32.7-2018-q2-update.win32_1.5.0.202011040924/tools/bin/../lib/gcc/arm-none-eabi/7.3.1/thumb/v7-m/crtbegin.o
 *(.text*)
 .text.Cam_Is_Ready
                0x000000000800014c       0x1a Core/Src/cam.o
                0x000000000800014c                Cam_Is_Ready
 *fill*         0x0000000008000166        0x2 
 .text.Cam_Poll_Alert
                0x0000000008000168       0x40 Core/Src/cam.o
                0x0000000008000168                Cam_Poll_Alert
 .text.Cam_Transmit_Alert
                0x00000000080001a8       0x1c Core/Src/cam.o
                0x00000000080001a8                Cam_Transmit_Alert
 .text.I2c_IsDeviceReady
                0x00000000080001c4       0x30 Core/Src/i2c.o
                0x00000000080001c4                I2c_IsDeviceReady
 .text.I2c_Master_Transmit
                0x00000000080001f4       0x38 Core/Src/i2c.o
                0x00000000080001f4                I2c_Master_Transmit
 .text.I2c_Master_Receive
                0x000000000800022c       0x38 Core/Src/i2c.o
                0x000000000800022c                I2c_Master_Receive
 .text.main     0x0000000008000264       0x70 Core/Src/main.o
                0x0000000008000264                main
 .text.MX_I2C2_Init
                0x00000000080002d4       0x5c Core/Src/main.o
 .text.MX_TIM4_Init
                0x0000000008000330       0xf8 Core/Src/main.o
 .text.MX_USART1_UART_Init
                0x0000000008000428       0x54 Core/Src/main.o
 .text.MX_GPIO_Init
                0x000000000800047c       0x7c Core/Src/main.o
 .text.Error_Handler
                0x00000000080004f8        0xc Core/Src/main.o
                0x00000000080004f8                Error_Handler
 .text.crc_accumulate
                0x0000000008000504       0x62 Core/Src/mavlink.o
 .text.crc_init
                0x0000000008000566       0x1a Core/Src/mavlink.o
 .text.crc_calculate
                0x0000000008000580       0x40 Core/Src/mavlink.o
 .text.crc_accumulate_buffer
                0x00000000080005c0       0x36 Core/Src/mavlink.o
 *fill*         0x00000000080005f6        0x2 
 .text.mavlink_sha256_init
                0x00000000080005f8       0x70 Core/Src/mavlink.o
 .text.mavlink_sha256_calc
                0x0000000008000668      0x2f0 Core/Src/mavlink.o
 .text.mavlink_sha256_update
                0x0000000008000958       0xfc Core/Src/mavlink.o
 .text.mavlink_sha256_final_48
                0x0000000008000a54      0x13c Core/Src/mavlink.o
 .text.mavlink_get_channel_status
                0x0000000008000b90       0x28 Core/Src/mavlink.o
 .text.mavlink_sign_packet
                0x0000000008000bb8       0xd0 Core/Src/mavlink.o
 .text._mav_trim_payload
                0x0000000008000c88       0x34 Core/Src/mavlink.o
 .text.mavlink_finalize_message_buffer
                0x0000000008000cbc      0x26e Core/Src/mavlink.o
 .text.mavlink_finalize_message_chan
                0x0000000008000f2a       0x48 Core/Src/mavlink.o
 .text.mavlink_finalize_message
                0x0000000008000f72       0x3c Core/Src/mavlink.o
 .text.mavlink_msg_to_send_buffer
                0x0000000008000fae      0x1be Core/Src/mavlink.o
 .text.mav_array_memcpy
                0x000000000800116c       0x30 Core/Src/mavlink.o
 .text.mavlink_msg_named_value_int_pack
                0x000000000800119c       0x6a Core/Src/mavlink.o
 .text.mavlink_msg_named_value_int_encode
                0x0000000008001206       0x38 Core/Src/mavlink.o
 *fill*         0x000000000800123e        0x2 
 .text.MAV_Send_Msg_Named_Value_Int
                0x0000000008001240       0xb0 Core/Src/mavlink.o
                0x0000000008001240                MAV_Send_Msg_Named_Value_Int
 .text.Radio_Transmit_Raw
                0x00000000080012f0       0x28 Core/Src/radio.o
                0x00000000080012f0                Radio_Transmit_Raw
 .text.HAL_MspInit
                0x0000000008001318       0x64 Core/Src/stm32f1xx_hal_msp.o
                0x0000000008001318                HAL_MspInit
 .text.HAL_I2C_MspInit
                0x000000000800137c       0x80 Core/Src/stm32f1xx_hal_msp.o
                0x000000000800137c                HAL_I2C_MspInit
 .text.HAL_TIM_PWM_MspInit
                0x00000000080013fc       0x3c Core/Src/stm32f1xx_hal_msp.o
                0x00000000080013fc                HAL_TIM_PWM_MspInit
 .text.HAL_TIM_MspPostInit
                0x0000000008001438       0x68 Core/Src/stm32f1xx_hal_msp.o
                0x0000000008001438                HAL_TIM_MspPostInit
 .text.HAL_UART_MspInit
                0x00000000080014a0       0x98 Core/Src/stm32f1xx_hal_msp.o
                0x00000000080014a0                HAL_UART_MspInit
 .text.NMI_Handler
                0x0000000008001538        0xc Core/Src/stm32f1xx_it.o
                0x0000000008001538                NMI_Handler
 .text.HardFault_Handler
                0x0000000008001544        0x6 Core/Src/stm32f1xx_it.o
                0x0000000008001544                HardFault_Handler
 .text.MemManage_Handler
                0x000000000800154a        0x6 Core/Src/stm32f1xx_it.o
                0x000000000800154a                MemManage_Handler
 .text.BusFault_Handler
                0x0000000008001550        0x6 Core/Src/stm32f1xx_it.o
                0x0000000008001550                BusFault_Handler
 .text.UsageFault_Handler
                0x0000000008001556        0x6 Core/Src/stm32f1xx_it.o
                0x0000000008001556                UsageFault_Handler
 .text.SVC_Handler
                0x000000000800155c        0xc Core/Src/stm32f1xx_it.o
                0x000000000800155c                SVC_Handler
 .text.DebugMon_Handler
                0x0000000008001568        0xc Core/Src/stm32f1xx_it.o
                0x0000000008001568                DebugMon_Handler
 .text.PendSV_Handler
                0x0000000008001574        0xc Core/Src/stm32f1xx_it.o
                0x0000000008001574                PendSV_Handler
 .text.SysTick_Handler
                0x0000000008001580        0xc Core/Src/stm32f1xx_it.o
                0x0000000008001580                SysTick_Handler
 .text.SystemInit
                0x000000000800158c       0x68 Core/Src/system_stm32f1xx.o
                0x000000000800158c                SystemInit
 .text.Reset_Handler
                0x00000000080015f4       0x48 Core/Startup/startup_stm32f103cbtx.o
                0x00000000080015f4                Reset_Handler
 .text.Default_Handler
                0x000000000800163c        0x2 Core/Startup/startup_stm32f103cbtx.o
                0x000000000800163c                RTC_Alarm_IRQHandler
                0x000000000800163c                EXTI2_IRQHandler
                0x000000000800163c                TIM1_CC_IRQHandler
                0x000000000800163c                PVD_IRQHandler
                0x000000000800163c                EXTI3_IRQHandler
                0x000000000800163c                EXTI0_IRQHandler
                0x000000000800163c                I2C2_EV_IRQHandler
                0x000000000800163c                ADC1_2_IRQHandler
                0x000000000800163c                SPI1_IRQHandler
                0x000000000800163c                TAMPER_IRQHandler
                0x000000000800163c                DMA1_Channel4_IRQHandler
                0x000000000800163c                USART3_IRQHandler
                0x000000000800163c                RTC_IRQHandler
                0x000000000800163c                DMA1_Channel7_IRQHandler
                0x000000000800163c                CAN1_RX1_IRQHandler
                0x000000000800163c                TIM4_IRQHandler
                0x000000000800163c                I2C1_EV_IRQHandler
                0x000000000800163c                DMA1_Channel6_IRQHandler
                0x000000000800163c                TIM3_IRQHandler
                0x000000000800163c                RCC_IRQHandler
                0x000000000800163c                TIM1_TRG_COM_IRQHandler
                0x000000000800163c                DMA1_Channel1_IRQHandler
                0x000000000800163c                Default_Handler
                0x000000000800163c                EXTI15_10_IRQHandler
                0x000000000800163c                EXTI9_5_IRQHandler
                0x000000000800163c                SPI2_IRQHandler
                0x000000000800163c                DMA1_Channel5_IRQHandler
                0x000000000800163c                EXTI4_IRQHandler
                0x000000000800163c                USB_LP_CAN1_RX0_IRQHandler
                0x000000000800163c                USB_HP_CAN1_TX_IRQHandler
                0x000000000800163c                DMA1_Channel3_IRQHandler
                0x000000000800163c                TIM1_UP_IRQHandler
                0x000000000800163c                WWDG_IRQHandler
                0x000000000800163c                TIM2_IRQHandler
                0x000000000800163c                TIM1_BRK_IRQHandler
                0x000000000800163c                EXTI1_IRQHandler
                0x000000000800163c                USART2_IRQHandler
                0x000000000800163c                I2C2_ER_IRQHandler
                0x000000000800163c                DMA1_Channel2_IRQHandler
                0x000000000800163c                CAN1_SCE_IRQHandler
                0x000000000800163c                FLASH_IRQHandler
                0x000000000800163c                USART1_IRQHandler
                0x000000000800163c                I2C1_ER_IRQHandler
                0x000000000800163c                USBWakeUp_IRQHandler
 *fill*         0x000000000800163e        0x2 
 .text.HAL_Init
                0x0000000008001640       0x2c Drivers/STM32F1xx_HAL_Driver/Src/stm32f1xx_hal.o
                0x0000000008001640                HAL_Init
 .text.HAL_InitTick
                0x000000000800166c       0x60 Drivers/STM32F1xx_HAL_Driver/Src/stm32f1xx_hal.o
                0x000000000800166c                HAL_InitTick
 .text.HAL_IncTick
                0x00000000080016cc       0x24 Drivers/STM32F1xx_HAL_Driver/Src/stm32f1xx_hal.o
                0x00000000080016cc                HAL_IncTick
 .text.HAL_GetTick
                0x00000000080016f0       0x14 Drivers/STM32F1xx_HAL_Driver/Src/stm32f1xx_hal.o
                0x00000000080016f0                HAL_GetTick
 .text.HAL_Delay
                0x0000000008001704       0x44 Drivers/STM32F1xx_HAL_Driver/Src/stm32f1xx_hal.o
                0x0000000008001704                HAL_Delay
 .text.__NVIC_SetPriorityGrouping
                0x0000000008001748       0x48 Drivers/STM32F1xx_HAL_Driver/Src/stm32f1xx_hal_cortex.o
 .text.__NVIC_GetPriorityGrouping
                0x0000000008001790       0x1c Drivers/STM32F1xx_HAL_Driver/Src/stm32f1xx_hal_cortex.o
 .text.__NVIC_SetPriority
                0x00000000080017ac       0x54 Drivers/STM32F1xx_HAL_Driver/Src/stm32f1xx_hal_cortex.o
 .text.NVIC_EncodePriority
                0x0000000008001800       0x64 Drivers/STM32F1xx_HAL_Driver/Src/stm32f1xx_hal_cortex.o
 .text.SysTick_Config
                0x0000000008001864       0x44 Drivers/STM32F1xx_HAL_Driver/Src/stm32f1xx_hal_cortex.o
 .text.HAL_NVIC_SetPriorityGrouping
                0x00000000080018a8       0x16 Drivers/STM32F1xx_HAL_Driver/Src/stm32f1xx_hal_cortex.o
                0x00000000080018a8                HAL_NVIC_SetPriorityGrouping
 .text.HAL_NVIC_SetPriority
                0x00000000080018be       0x38 Drivers/STM32F1xx_HAL_Driver/Src/stm32f1xx_hal_cortex.o
                0x00000000080018be                HAL_NVIC_SetPriority
 .text.HAL_SYSTICK_Config
                0x00000000080018f6       0x18 Drivers/STM32F1xx_HAL_Driver/Src/stm32f1xx_hal_cortex.o
                0x00000000080018f6                HAL_SYSTICK_Config
 *fill*         0x000000000800190e        0x2 
 .text.HAL_GPIO_Init
                0x0000000008001910      0x2b4 Drivers/STM32F1xx_HAL_Driver/Src/stm32f1xx_hal_gpio.o
                0x0000000008001910                HAL_GPIO_Init
 .text.HAL_GPIO_WritePin
                0x0000000008001bc4       0x30 Drivers/STM32F1xx_HAL_Driver/Src/stm32f1xx_hal_gpio.o
                0x0000000008001bc4                HAL_GPIO_WritePin
 .text.HAL_I2C_Init
                0x0000000008001bf4      0x250 Drivers/STM32F1xx_HAL_Driver/Src/stm32f1xx_hal_i2c.o
                0x0000000008001bf4                HAL_I2C_Init
 .text.HAL_I2C_Master_Transmit
                0x0000000008001e44      0x1fc Drivers/STM32F1xx_HAL_Driver/Src/stm32f1xx_hal_i2c.o
                0x0000000008001e44                HAL_I2C_Master_Transmit
 .text.HAL_I2C_Master_Receive
                0x0000000008002040      0x45c Drivers/STM32F1xx_HAL_Driver/Src/stm32f1xx_hal_i2c.o
                0x0000000008002040                HAL_I2C_Master_Receive
 .text.HAL_I2C_IsDeviceReady
                0x000000000800249c      0x244 Drivers/STM32F1xx_HAL_Driver/Src/stm32f1xx_hal_i2c.o
                0x000000000800249c                HAL_I2C_IsDeviceReady
 .text.I2C_MasterRequestWrite
                0x00000000080026e0       0xec Drivers/STM32F1xx_HAL_Driver/Src/stm32f1xx_hal_i2c.o
 .text.I2C_MasterRequestRead
                0x00000000080027cc      0x16c Drivers/STM32F1xx_HAL_Driver/Src/stm32f1xx_hal_i2c.o
 .text.I2C_WaitOnFlagUntilTimeout
                0x0000000008002938       0xae Drivers/STM32F1xx_HAL_Driver/Src/stm32f1xx_hal_i2c.o
 .text.I2C_WaitOnMasterAddressFlagUntilTimeout
                0x00000000080029e6       0xfe Drivers/STM32F1xx_HAL_Driver/Src/stm32f1xx_hal_i2c.o
 .text.I2C_WaitOnTXEFlagUntilTimeout
                0x0000000008002ae4       0x82 Drivers/STM32F1xx_HAL_Driver/Src/stm32f1xx_hal_i2c.o
 .text.I2C_WaitOnBTFFlagUntilTimeout
                0x0000000008002b66       0x82 Drivers/STM32F1xx_HAL_Driver/Src/stm32f1xx_hal_i2c.o
 .text.I2C_WaitOnRXNEFlagUntilTimeout
                0x0000000008002be8       0xac Drivers/STM32F1xx_HAL_Driver/Src/stm32f1xx_hal_i2c.o
 .text.I2C_IsAcknowledgeFailed
                0x0000000008002c94       0x5c Drivers/STM32F1xx_HAL_Driver/Src/stm32f1xx_hal_i2c.o
 .text.HAL_RCC_GetHCLKFreq
                0x0000000008002cf0       0x14 Drivers/STM32F1xx_HAL_Driver/Src/stm32f1xx_hal_rcc.o
                0x0000000008002cf0                HAL_RCC_GetHCLKFreq
 .text.HAL_RCC_GetPCLK1Freq
                0x0000000008002d04       0x28 Drivers/STM32F1xx_HAL_Driver/Src/stm32f1xx_hal_rcc.o
                0x0000000008002d04                HAL_RCC_GetPCLK1Freq
 .text.HAL_RCC_GetPCLK2Freq
                0x0000000008002d2c       0x28 Drivers/STM32F1xx_HAL_Driver/Src/stm32f1xx_hal_rcc.o
                0x0000000008002d2c                HAL_RCC_GetPCLK2Freq
 .text.HAL_TIM_PWM_Init
                0x0000000008002d54       0x56 Drivers/STM32F1xx_HAL_Driver/Src/stm32f1xx_hal_tim.o
                0x0000000008002d54                HAL_TIM_PWM_Init
 *fill*         0x0000000008002daa        0x2 
 .text.HAL_TIM_PWM_ConfigChannel
                0x0000000008002dac      0x18c Drivers/STM32F1xx_HAL_Driver/Src/stm32f1xx_hal_tim.o
                0x0000000008002dac                HAL_TIM_PWM_ConfigChannel
 .text.TIM_Base_SetConfig
                0x0000000008002f38       0xc4 Drivers/STM32F1xx_HAL_Driver/Src/stm32f1xx_hal_tim.o
                0x0000000008002f38                TIM_Base_SetConfig
 .text.TIM_OC1_SetConfig
                0x0000000008002ffc       0xcc Drivers/STM32F1xx_HAL_Driver/Src/stm32f1xx_hal_tim.o
 .text.TIM_OC2_SetConfig
                0x00000000080030c8       0xd4 Drivers/STM32F1xx_HAL_Driver/Src/stm32f1xx_hal_tim.o
                0x00000000080030c8                TIM_OC2_SetConfig
 .text.TIM_OC3_SetConfig
                0x000000000800319c       0xd4 Drivers/STM32F1xx_HAL_Driver/Src/stm32f1xx_hal_tim.o
 .text.TIM_OC4_SetConfig
                0x0000000008003270       0x9c Drivers/STM32F1xx_HAL_Driver/Src/stm32f1xx_hal_tim.o
 .text.HAL_TIMEx_MasterConfigSynchronization
                0x000000000800330c       0x88 Drivers/STM32F1xx_HAL_Driver/Src/stm32f1xx_hal_tim_ex.o
                0x000000000800330c                HAL_TIMEx_MasterConfigSynchronization
 .text.HAL_UART_Init
                0x0000000008003394       0x9a Drivers/STM32F1xx_HAL_Driver/Src/stm32f1xx_hal_uart.o
                0x0000000008003394                HAL_UART_Init
 .text.HAL_UART_Transmit
                0x000000000800342e      0x132 Drivers/STM32F1xx_HAL_Driver/Src/stm32f1xx_hal_uart.o
                0x000000000800342e                HAL_UART_Transmit
 .text.UART_WaitOnFlagUntilTimeout
                0x0000000008003560       0x94 Drivers/STM32F1xx_HAL_Driver/Src/stm32f1xx_hal_uart.o
 .text.UART_SetConfig
                0x00000000080035f4      0x1b4 Drivers/STM32F1xx_HAL_Driver/Src/stm32f1xx_hal_uart.o
 .text.__libc_init_array
                0x00000000080037a8       0x48 c:/st/stm32cubeide_1.5.0/stm32cubeide/plugins/com.st.stm32cube.ide.mcu.externaltools.gnu-tools-for-stm32.7-2018-q2-update.win32_1.5.0.202011040924/tools/bin/../lib/gcc/arm-none-eabi/7.3.1/../../../../arm-none-eabi/lib/thumb/v7-m\libc_nano.a(lib_a-init.o)
                0x00000000080037a8                __libc_init_array
 .text.memcpy   0x00000000080037f0       0x16 c:/st/stm32cubeide_1.5.0/stm32cubeide/plugins/com.st.stm32cube.ide.mcu.externaltools.gnu-tools-for-stm32.7-2018-q2-update.win32_1.5.0.202011040924/tools/bin/../lib/gcc/arm-none-eabi/7.3.1/../../../../arm-none-eabi/lib/thumb/v7-m\libc_nano.a(lib_a-memcpy-stub.o)
                0x00000000080037f0                memcpy
 .text.memset   0x0000000008003806       0x10 c:/st/stm32cubeide_1.5.0/stm32cubeide/plugins/com.st.stm32cube.ide.mcu.externaltools.gnu-tools-for-stm32.7-2018-q2-update.win32_1.5.0.202011040924/tools/bin/../lib/gcc/arm-none-eabi/7.3.1/../../../../arm-none-eabi/lib/thumb/v7-m\libc_nano.a(lib_a-memset.o)
                0x0000000008003806                memset
 .text.strcpy   0x0000000008003816       0x10 c:/st/stm32cubeide_1.5.0/stm32cubeide/plugins/com.st.stm32cube.ide.mcu.externaltools.gnu-tools-for-stm32.7-2018-q2-update.win32_1.5.0.202011040924/tools/bin/../lib/gcc/arm-none-eabi/7.3.1/../../../../arm-none-eabi/lib/thumb/v7-m\libc_nano.a(lib_a-strcpy.o)
                0x0000000008003816                strcpy
 *(.glue_7)
 .glue_7        0x0000000008003826        0x0 linker stubs
 *(.glue_7t)
 .glue_7t       0x0000000008003826        0x0 linker stubs
 *(.eh_frame)
 *fill*         0x0000000008003826        0x2 
 .eh_frame      0x0000000008003828        0x0 c:/st/stm32cubeide_1.5.0/stm32cubeide/plugins/com.st.stm32cube.ide.mcu.externaltools.gnu-tools-for-stm32.7-2018-q2-update.win32_1.5.0.202011040924/tools/bin/../lib/gcc/arm-none-eabi/7.3.1/thumb/v7-m/crtbegin.o
 *(.init)
 .init          0x0000000008003828        0x4 c:/st/stm32cubeide_1.5.0/stm32cubeide/plugins/com.st.stm32cube.ide.mcu.externaltools.gnu-tools-for-stm32.7-2018-q2-update.win32_1.5.0.202011040924/tools/bin/../lib/gcc/arm-none-eabi/7.3.1/thumb/v7-m/crti.o
                0x0000000008003828                _init
 .init          0x000000000800382c        0x8 c:/st/stm32cubeide_1.5.0/stm32cubeide/plugins/com.st.stm32cube.ide.mcu.externaltools.gnu-tools-for-stm32.7-2018-q2-update.win32_1.5.0.202011040924/tools/bin/../lib/gcc/arm-none-eabi/7.3.1/thumb/v7-m/crtn.o
 *(.fini)
 .fini          0x0000000008003834        0x4 c:/st/stm32cubeide_1.5.0/stm32cubeide/plugins/com.st.stm32cube.ide.mcu.externaltools.gnu-tools-for-stm32.7-2018-q2-update.win32_1.5.0.202011040924/tools/bin/../lib/gcc/arm-none-eabi/7.3.1/thumb/v7-m/crti.o
                0x0000000008003834                _fini
 .fini          0x0000000008003838        0x8 c:/st/stm32cubeide_1.5.0/stm32cubeide/plugins/com.st.stm32cube.ide.mcu.externaltools.gnu-tools-for-stm32.7-2018-q2-update.win32_1.5.0.202011040924/tools/bin/../lib/gcc/arm-none-eabi/7.3.1/thumb/v7-m/crtn.o
                0x0000000008003840                . = ALIGN (0x4)
                0x0000000008003840                _etext = .

.vfp11_veneer   0x0000000008003840        0x0
 .vfp11_veneer  0x0000000008003840        0x0 linker stubs

.v4_bx          0x0000000008003840        0x0
 .v4_bx         0x0000000008003840        0x0 linker stubs

.iplt           0x0000000008003840        0x0
 .iplt          0x0000000008003840        0x0 c:/st/stm32cubeide_1.5.0/stm32cubeide/plugins/com.st.stm32cube.ide.mcu.externaltools.gnu-tools-for-stm32.7-2018-q2-update.win32_1.5.0.202011040924/tools/bin/../lib/gcc/arm-none-eabi/7.3.1/thumb/v7-m/crtbegin.o

.rodata         0x0000000008003840      0x11c
                0x0000000008003840                . = ALIGN (0x4)
 *(.rodata)
 .rodata        0x0000000008003840        0xa Core/Src/cam.o
 *fill*         0x000000000800384a        0x2 
 .rodata        0x000000000800384c        0x5 Core/Src/main.o
 *(.rodata*)
 *fill*         0x0000000008003851        0x3 
 .rodata.mavlink_sha256_constant_256
                0x0000000008003854      0x100 Core/Src/mavlink.o
 .rodata.APBPrescTable
                0x0000000008003954        0x8 Core/Src/system_stm32f1xx.o
                0x0000000008003954                APBPrescTable
                0x000000000800395c                . = ALIGN (0x4)

.rel.dyn        0x000000000800395c        0x0
 .rel.iplt      0x000000000800395c        0x0 c:/st/stm32cubeide_1.5.0/stm32cubeide/plugins/com.st.stm32cube.ide.mcu.externaltools.gnu-tools-for-stm32.7-2018-q2-update.win32_1.5.0.202011040924/tools/bin/../lib/gcc/arm-none-eabi/7.3.1/thumb/v7-m/crtbegin.o

.ARM.extab      0x000000000800395c        0x0
                0x000000000800395c                . = ALIGN (0x4)
 *(.ARM.extab* .gnu.linkonce.armextab.*)
                0x000000000800395c                . = ALIGN (0x4)

.ARM            0x000000000800395c        0x0
                0x000000000800395c                . = ALIGN (0x4)
                0x000000000800395c                __exidx_start = .
 *(.ARM.exidx*)
                0x000000000800395c                __exidx_end = .
                0x000000000800395c                . = ALIGN (0x4)

.preinit_array  0x000000000800395c        0x0
                0x000000000800395c                . = ALIGN (0x4)
                0x000000000800395c                PROVIDE (__preinit_array_start = .)
 *(.preinit_array*)
                0x000000000800395c                PROVIDE (__preinit_array_end = .)
                0x000000000800395c                . = ALIGN (0x4)

.init_array     0x000000000800395c        0x4
                0x000000000800395c                . = ALIGN (0x4)
                0x000000000800395c                PROVIDE (__init_array_start = .)
 *(SORT_BY_NAME(.init_array.*))
 *(.init_array*)
 .init_array    0x000000000800395c        0x4 c:/st/stm32cubeide_1.5.0/stm32cubeide/plugins/com.st.stm32cube.ide.mcu.externaltools.gnu-tools-for-stm32.7-2018-q2-update.win32_1.5.0.202011040924/tools/bin/../lib/gcc/arm-none-eabi/7.3.1/thumb/v7-m/crtbegin.o
                0x0000000008003960                PROVIDE (__init_array_end = .)
                0x0000000008003960                . = ALIGN (0x4)

.fini_array     0x0000000008003960        0x4
                0x0000000008003960                . = ALIGN (0x4)
                [!provide]                        PROVIDE (__fini_array_start = .)
 *(SORT_BY_NAME(.fini_array.*))
 *(.fini_array*)
 .fini_array    0x0000000008003960        0x4 c:/st/stm32cubeide_1.5.0/stm32cubeide/plugins/com.st.stm32cube.ide.mcu.externaltools.gnu-tools-for-stm32.7-2018-q2-update.win32_1.5.0.202011040924/tools/bin/../lib/gcc/arm-none-eabi/7.3.1/thumb/v7-m/crtbegin.o
                [!provide]                        PROVIDE (__fini_array_end = .)
                0x0000000008003964                . = ALIGN (0x4)
                0x0000000008003964                _sidata = LOADADDR (.data)

.data           0x0000000020000000       0x10 load address 0x0000000008003964
                0x0000000020000000                . = ALIGN (0x4)
                0x0000000020000000                _sdata = .
 *(.data)
 *(.data*)
 .data.SYSTEM_ID
                0x0000000020000000        0x1 Core/Src/mavlink.o
                0x0000000020000000                SYSTEM_ID
 .data.COMPONENT_ID
                0x0000000020000001        0x1 Core/Src/mavlink.o
                0x0000000020000001                COMPONENT_ID
 *fill*         0x0000000020000002        0x2 
 .data.SystemCoreClock
                0x0000000020000004        0x4 Core/Src/system_stm32f1xx.o
                0x0000000020000004                SystemCoreClock
 .data.uwTickPrio
                0x0000000020000008        0x4 Drivers/STM32F1xx_HAL_Driver/Src/stm32f1xx_hal.o
                0x0000000020000008                uwTickPrio
 .data.uwTickFreq
                0x000000002000000c        0x1 Drivers/STM32F1xx_HAL_Driver/Src/stm32f1xx_hal.o
                0x000000002000000c                uwTickFreq
                0x0000000020000010                . = ALIGN (0x4)
 *fill*         0x000000002000000d        0x3 
                0x0000000020000010                _edata = .

.igot.plt       0x0000000020000010        0x0 load address 0x0000000008003974
 .igot.plt      0x0000000020000010        0x0 c:/st/stm32cubeide_1.5.0/stm32cubeide/plugins/com.st.stm32cube.ide.mcu.externaltools.gnu-tools-for-stm32.7-2018-q2-update.win32_1.5.0.202011040924/tools/bin/../lib/gcc/arm-none-eabi/7.3.1/thumb/v7-m/crtbegin.o
                0x0000000020000010                . = ALIGN (0x4)

.bss            0x0000000020000010      0x4dc load address 0x0000000008003974
                0x0000000020000010                _sbss = .
                0x0000000020000010                __bss_start__ = _sbss
 *(.bss)
 .bss           0x0000000020000010       0x1c c:/st/stm32cubeide_1.5.0/stm32cubeide/plugins/com.st.stm32cube.ide.mcu.externaltools.gnu-tools-for-stm32.7-2018-q2-update.win32_1.5.0.202011040924/tools/bin/../lib/gcc/arm-none-eabi/7.3.1/thumb/v7-m/crtbegin.o
 *(.bss*)
 .bss.m_mavlink_status.6174
                0x000000002000002c       0x60 Core/Src/mavlink.o
 *(COMMON)
 COMMON         0x000000002000008c       0x55 Core/Src/cam.o
                0x000000002000008c                hi2c2
                0x00000000200000e0                cam_alert_rx_buffer
 *fill*         0x00000000200000e1        0x3 
 COMMON         0x00000000200000e4       0x80 Core/Src/main.o
                0x00000000200000e4                htim4
                0x0000000020000124                huart1
 COMMON         0x0000000020000164      0x383 Core/Src/mavlink.o
                0x0000000020000164                msg
                0x0000000020000288                rx_buffer_mav
                0x00000000200003a0                rc_channels_scaled_msg
                0x00000000200003b8                status
                0x00000000200003d0                byte_arr
 *fill*         0x00000000200004e7        0x1 
 COMMON         0x00000000200004e8        0x4 Drivers/STM32F1xx_HAL_Driver/Src/stm32f1xx_hal.o
                0x00000000200004e8                uwTick
                0x00000000200004ec                . = ALIGN (0x4)
                0x00000000200004ec                _ebss = .
                0x00000000200004ec                __bss_end__ = _ebss

._user_heap_stack
                0x00000000200004ec      0x604 load address 0x0000000008003974
                0x00000000200004f0                . = ALIGN (0x8)
 *fill*         0x00000000200004ec        0x4 
                [!provide]                        PROVIDE (end = .)
                0x00000000200004f0                PROVIDE (_end = .)
                0x00000000200006f0                . = (. + _Min_Heap_Size)
 *fill*         0x00000000200004f0      0x200 
                0x0000000020000af0                . = (. + _Min_Stack_Size)
 *fill*         0x00000000200006f0      0x400 
                0x0000000020000af0                . = ALIGN (0x8)

/DISCARD/
 libc.a(*)
 libm.a(*)
 libgcc.a(*)

.ARM.attributes
                0x0000000000000000       0x29
 *(.ARM.attributes)
 .ARM.attributes
                0x0000000000000000       0x1d c:/st/stm32cubeide_1.5.0/stm32cubeide/plugins/com.st.stm32cube.ide.mcu.externaltools.gnu-tools-for-stm32.7-2018-q2-update.win32_1.5.0.202011040924/tools/bin/../lib/gcc/arm-none-eabi/7.3.1/thumb/v7-m/crti.o
 .ARM.attributes
                0x000000000000001d       0x2d c:/st/stm32cubeide_1.5.0/stm32cubeide/plugins/com.st.stm32cube.ide.mcu.externaltools.gnu-tools-for-stm32.7-2018-q2-update.win32_1.5.0.202011040924/tools/bin/../lib/gcc/arm-none-eabi/7.3.1/thumb/v7-m/crtbegin.o
 .ARM.attributes
                0x000000000000004a       0x33 Core/Src/cam.o
 .ARM.attributes
                0x000000000000007d       0x33 Core/Src/i2c.o
 .ARM.attributes
                0x00000000000000b0       0x33 Core/Src/main.o
 .ARM.attributes
                0x00000000000000e3       0x33 Core/Src/mavlink.o
 .ARM.attributes
                0x0000000000000116       0x33 Core/Src/radio.o
 .ARM.attributes
                0x0000000000000149       0x33 Core/Src/stm32f1xx_hal_msp.o
 .ARM.attributes
                0x000000000000017c       0x33 Core/Src/stm32f1xx_it.o
 .ARM.attributes
                0x00000000000001af       0x33 Core/Src/system_stm32f1xx.o
 .ARM.attributes
                0x00000000000001e2       0x21 Core/Startup/startup_stm32f103cbtx.o
 .ARM.attributes
                0x0000000000000203       0x33 Drivers/STM32F1xx_HAL_Driver/Src/stm32f1xx_hal.o
 .ARM.attributes
                0x0000000000000236       0x33 Drivers/STM32F1xx_HAL_Driver/Src/stm32f1xx_hal_cortex.o
 .ARM.attributes
                0x0000000000000269       0x33 Drivers/STM32F1xx_HAL_Driver/Src/stm32f1xx_hal_gpio.o
 .ARM.attributes
                0x000000000000029c       0x33 Drivers/STM32F1xx_HAL_Driver/Src/stm32f1xx_hal_i2c.o
 .ARM.attributes
                0x00000000000002cf       0x33 Drivers/STM32F1xx_HAL_Driver/Src/stm32f1xx_hal_rcc.o
 .ARM.attributes
                0x0000000000000302       0x33 Drivers/STM32F1xx_HAL_Driver/Src/stm32f1xx_hal_tim.o
 .ARM.attributes
                0x0000000000000335       0x33 Drivers/STM32F1xx_HAL_Driver/Src/stm32f1xx_hal_tim_ex.o
 .ARM.attributes
                0x0000000000000368       0x33 Drivers/STM32F1xx_HAL_Driver/Src/stm32f1xx_hal_uart.o
 .ARM.attributes
                0x000000000000039b       0x2d c:/st/stm32cubeide_1.5.0/stm32cubeide/plugins/com.st.stm32cube.ide.mcu.externaltools.gnu-tools-for-stm32.7-2018-q2-update.win32_1.5.0.202011040924/tools/bin/../lib/gcc/arm-none-eabi/7.3.1/../../../../arm-none-eabi/lib/thumb/v7-m\libc_nano.a(lib_a-init.o)
 .ARM.attributes
                0x00000000000003c8       0x2d c:/st/stm32cubeide_1.5.0/stm32cubeide/plugins/com.st.stm32cube.ide.mcu.externaltools.gnu-tools-for-stm32.7-2018-q2-update.win32_1.5.0.202011040924/tools/bin/../lib/gcc/arm-none-eabi/7.3.1/../../../../arm-none-eabi/lib/thumb/v7-m\libc_nano.a(lib_a-memcpy-stub.o)
 .ARM.attributes
                0x00000000000003f5       0x2d c:/st/stm32cubeide_1.5.0/stm32cubeide/plugins/com.st.stm32cube.ide.mcu.externaltools.gnu-tools-for-stm32.7-2018-q2-update.win32_1.5.0.202011040924/tools/bin/../lib/gcc/arm-none-eabi/7.3.1/../../../../arm-none-eabi/lib/thumb/v7-m\libc_nano.a(lib_a-memset.o)
 .ARM.attributes
                0x0000000000000422       0x2d c:/st/stm32cubeide_1.5.0/stm32cubeide/plugins/com.st.stm32cube.ide.mcu.externaltools.gnu-tools-for-stm32.7-2018-q2-update.win32_1.5.0.202011040924/tools/bin/../lib/gcc/arm-none-eabi/7.3.1/../../../../arm-none-eabi/lib/thumb/v7-m\libc_nano.a(lib_a-strcpy.o)
 .ARM.attributes
                0x000000000000044f       0x1d c:/st/stm32cubeide_1.5.0/stm32cubeide/plugins/com.st.stm32cube.ide.mcu.externaltools.gnu-tools-for-stm32.7-2018-q2-update.win32_1.5.0.202011040924/tools/bin/../lib/gcc/arm-none-eabi/7.3.1/thumb/v7-m/crtn.o
OUTPUT(JakadoesFC.elf elf32-littlearm)

.debug_info     0x0000000000000000     0xe3df
 .debug_info    0x0000000000000000      0x6c9 Core/Src/cam.o
 .debug_info    0x00000000000006c9      0x70d Core/Src/i2c.o
 .debug_info    0x0000000000000dd6      0xffb Core/Src/main.o
 .debug_info    0x0000000000001dd1     0x1eb3 Core/Src/mavlink.o
 .debug_info    0x0000000000003c84      0x656 Core/Src/radio.o
 .debug_info    0x00000000000042da      0xe59 Core/Src/stm32f1xx_hal_msp.o
 .debug_info    0x0000000000005133      0x1fa Core/Src/stm32f1xx_it.o
 .debug_info    0x000000000000532d      0x433 Core/Src/system_stm32f1xx.o
 .debug_info    0x0000000000005760       0x22 Core/Startup/startup_stm32f103cbtx.o
 .debug_info    0x0000000000005782      0x6fe Drivers/STM32F1xx_HAL_Driver/Src/stm32f1xx_hal.o
 .debug_info    0x0000000000005e80      0xb46 Drivers/STM32F1xx_HAL_Driver/Src/stm32f1xx_hal_cortex.o
 .debug_info    0x00000000000069c6      0x681 Drivers/STM32F1xx_HAL_Driver/Src/stm32f1xx_hal_gpio.o
 .debug_info    0x0000000000007047     0x2457 Drivers/STM32F1xx_HAL_Driver/Src/stm32f1xx_hal_i2c.o
 .debug_info    0x000000000000949e      0x804 Drivers/STM32F1xx_HAL_Driver/Src/stm32f1xx_hal_rcc.o
 .debug_info    0x0000000000009ca2     0x2456 Drivers/STM32F1xx_HAL_Driver/Src/stm32f1xx_hal_tim.o
 .debug_info    0x000000000000c0f8     0x1104 Drivers/STM32F1xx_HAL_Driver/Src/stm32f1xx_hal_tim_ex.o
 .debug_info    0x000000000000d1fc     0x11e3 Drivers/STM32F1xx_HAL_Driver/Src/stm32f1xx_hal_uart.o

.debug_abbrev   0x0000000000000000     0x2011
 .debug_abbrev  0x0000000000000000      0x17f Core/Src/cam.o
 .debug_abbrev  0x000000000000017f      0x185 Core/Src/i2c.o
 .debug_abbrev  0x0000000000000304      0x215 Core/Src/main.o
 .debug_abbrev  0x0000000000000519      0x3d5 Core/Src/mavlink.o
 .debug_abbrev  0x00000000000008ee      0x19f Core/Src/radio.o
 .debug_abbrev  0x0000000000000a8d      0x1e0 Core/Src/stm32f1xx_hal_msp.o
 .debug_abbrev  0x0000000000000c6d       0xc6 Core/Src/stm32f1xx_it.o
 .debug_abbrev  0x0000000000000d33      0x134 Core/Src/system_stm32f1xx.o
 .debug_abbrev  0x0000000000000e67       0x12 Core/Startup/startup_stm32f103cbtx.o
 .debug_abbrev  0x0000000000000e79      0x1d8 Drivers/STM32F1xx_HAL_Driver/Src/stm32f1xx_hal.o
 .debug_abbrev  0x0000000000001051      0x2d5 Drivers/STM32F1xx_HAL_Driver/Src/stm32f1xx_hal_cortex.o
 .debug_abbrev  0x0000000000001326      0x1c0 Drivers/STM32F1xx_HAL_Driver/Src/stm32f1xx_hal_gpio.o
 .debug_abbrev  0x00000000000014e6      0x258 Drivers/STM32F1xx_HAL_Driver/Src/stm32f1xx_hal_i2c.o
 .debug_abbrev  0x000000000000173e      0x243 Drivers/STM32F1xx_HAL_Driver/Src/stm32f1xx_hal_rcc.o
 .debug_abbrev  0x0000000000001981      0x230 Drivers/STM32F1xx_HAL_Driver/Src/stm32f1xx_hal_tim.o
 .debug_abbrev  0x0000000000001bb1      0x21e Drivers/STM32F1xx_HAL_Driver/Src/stm32f1xx_hal_tim_ex.o
 .debug_abbrev  0x0000000000001dcf      0x242 Drivers/STM32F1xx_HAL_Driver/Src/stm32f1xx_hal_uart.o

.debug_aranges  0x0000000000000000      0xf28
 .debug_aranges
                0x0000000000000000       0x30 Core/Src/cam.o
 .debug_aranges
                0x0000000000000030       0x30 Core/Src/i2c.o
 .debug_aranges
                0x0000000000000060       0x50 Core/Src/main.o
 .debug_aranges
                0x00000000000000b0      0x118 Core/Src/mavlink.o
 .debug_aranges
                0x00000000000001c8       0x38 Core/Src/radio.o
 .debug_aranges
                0x0000000000000200       0x58 Core/Src/stm32f1xx_hal_msp.o
 .debug_aranges
                0x0000000000000258       0x60 Core/Src/stm32f1xx_it.o
 .debug_aranges
                0x00000000000002b8       0x28 Core/Src/system_stm32f1xx.o
 .debug_aranges
                0x00000000000002e0       0x28 Core/Startup/startup_stm32f103cbtx.o
 .debug_aranges
                0x0000000000000308       0xe0 Drivers/STM32F1xx_HAL_Driver/Src/stm32f1xx_hal.o
 .debug_aranges
                0x00000000000003e8      0x100 Drivers/STM32F1xx_HAL_Driver/Src/stm32f1xx_hal_cortex.o
 .debug_aranges
                0x00000000000004e8       0x58 Drivers/STM32F1xx_HAL_Driver/Src/stm32f1xx_hal_gpio.o
 .debug_aranges
                0x0000000000000540      0x290 Drivers/STM32F1xx_HAL_Driver/Src/stm32f1xx_hal_i2c.o
 .debug_aranges
                0x00000000000007d0       0x90 Drivers/STM32F1xx_HAL_Driver/Src/stm32f1xx_hal_rcc.o
 .debug_aranges
                0x0000000000000860      0x3a8 Drivers/STM32F1xx_HAL_Driver/Src/stm32f1xx_hal_tim.o
 .debug_aranges
                0x0000000000000c08      0x150 Drivers/STM32F1xx_HAL_Driver/Src/stm32f1xx_hal_tim_ex.o
 .debug_aranges
                0x0000000000000d58      0x1d0 Drivers/STM32F1xx_HAL_Driver/Src/stm32f1xx_hal_uart.o

.debug_ranges   0x0000000000000000      0xe58
 .debug_ranges  0x0000000000000000       0x20 Core/Src/cam.o
 .debug_ranges  0x0000000000000020       0x20 Core/Src/i2c.o
 .debug_ranges  0x0000000000000040       0x40 Core/Src/main.o
 .debug_ranges  0x0000000000000080      0x120 Core/Src/mavlink.o
 .debug_ranges  0x00000000000001a0       0x28 Core/Src/radio.o
 .debug_ranges  0x00000000000001c8       0x48 Core/Src/stm32f1xx_hal_msp.o
 .debug_ranges  0x0000000000000210       0x50 Core/Src/stm32f1xx_it.o
 .debug_ranges  0x0000000000000260       0x18 Core/Src/system_stm32f1xx.o
 .debug_ranges  0x0000000000000278       0x20 Core/Startup/startup_stm32f103cbtx.o
 .debug_ranges  0x0000000000000298       0xd0 Drivers/STM32F1xx_HAL_Driver/Src/stm32f1xx_hal.o
 .debug_ranges  0x0000000000000368       0xf0 Drivers/STM32F1xx_HAL_Driver/Src/stm32f1xx_hal_cortex.o
 .debug_ranges  0x0000000000000458       0x48 Drivers/STM32F1xx_HAL_Driver/Src/stm32f1xx_hal_gpio.o
 .debug_ranges  0x00000000000004a0      0x2a0 Drivers/STM32F1xx_HAL_Driver/Src/stm32f1xx_hal_i2c.o
 .debug_ranges  0x0000000000000740       0x80 Drivers/STM32F1xx_HAL_Driver/Src/stm32f1xx_hal_rcc.o
 .debug_ranges  0x00000000000007c0      0x398 Drivers/STM32F1xx_HAL_Driver/Src/stm32f1xx_hal_tim.o
 .debug_ranges  0x0000000000000b58      0x140 Drivers/STM32F1xx_HAL_Driver/Src/stm32f1xx_hal_tim_ex.o
 .debug_ranges  0x0000000000000c98      0x1c0 Drivers/STM32F1xx_HAL_Driver/Src/stm32f1xx_hal_uart.o

.debug_macro    0x0000000000000000     0x6bb7
 .debug_macro   0x0000000000000000      0x1bd Core/Src/cam.o
 .debug_macro   0x00000000000001bd       0x16 Core/Src/cam.o
 .debug_macro   0x00000000000001d3      0x1b0 Core/Src/i2c.o
 .debug_macro   0x0000000000000383      0x1d0 Core/Src/main.o
 .debug_macro   0x0000000000000553      0xcdf Core/Src/mavlink.o
 .debug_macro   0x0000000000001232       0x2e Core/Src/mavlink.o
 .debug_macro   0x0000000000001260       0x1c Core/Src/mavlink.o
 .debug_macro   0x000000000000127c       0x22 Core/Src/mavlink.o
 .debug_macro   0x000000000000129e       0x40 Core/Src/mavlink.o
 .debug_macro   0x00000000000012de       0x18 Core/Src/mavlink.o
 .debug_macro   0x00000000000012f6       0x94 Core/Src/mavlink.o
 .debug_macro   0x000000000000138a       0x3c Core/Src/mavlink.o
 .debug_macro   0x00000000000013c6       0x34 Core/Src/mavlink.o
 .debug_macro   0x00000000000013fa       0x57 Core/Src/mavlink.o
 .debug_macro   0x0000000000001451       0x52 Core/Src/mavlink.o
 .debug_macro   0x00000000000014a3       0x1f Core/Src/mavlink.o
 .debug_macro   0x00000000000014c2       0x43 Core/Src/mavlink.o
 .debug_macro   0x0000000000001505       0x20 Core/Src/mavlink.o
 .debug_macro   0x0000000000001525      0x1a3 Core/Src/mavlink.o
 .debug_macro   0x00000000000016c8      0x330 Core/Src/mavlink.o
 .debug_macro   0x00000000000019f8       0x10 Core/Src/mavlink.o
 .debug_macro   0x0000000000001a08       0x35 Core/Src/mavlink.o
 .debug_macro   0x0000000000001a3d       0x20 Core/Src/mavlink.o
 .debug_macro   0x0000000000001a5d       0x22 Core/Src/mavlink.o
 .debug_macro   0x0000000000001a7f       0xbf Core/Src/mavlink.o
 .debug_macro   0x0000000000001b3e       0x2e Core/Src/mavlink.o
 .debug_macro   0x0000000000001b6c       0x10 Core/Src/mavlink.o
 .debug_macro   0x0000000000001b7c      0x1e1 Core/Src/mavlink.o
 .debug_macro   0x0000000000001d5d       0x1c Core/Src/mavlink.o
 .debug_macro   0x0000000000001d79       0x10 Core/Src/mavlink.o
 .debug_macro   0x0000000000001d89       0x10 Core/Src/mavlink.o
 .debug_macro   0x0000000000001d99       0x1c Core/Src/mavlink.o
 .debug_macro   0x0000000000001db5       0x52 Core/Src/mavlink.o
 .debug_macro   0x0000000000001e07       0x40 Core/Src/mavlink.o
 .debug_macro   0x0000000000001e47       0x10 Core/Src/mavlink.o
 .debug_macro   0x0000000000001e57       0x40 Core/Src/mavlink.o
 .debug_macro   0x0000000000001e97       0xd7 Core/Src/mavlink.o
 .debug_macro   0x0000000000001f6e       0x1c Core/Src/mavlink.o
 .debug_macro   0x0000000000001f8a       0x3d Core/Src/mavlink.o
 .debug_macro   0x0000000000001fc7       0x16 Core/Src/mavlink.o
 .debug_macro   0x0000000000001fdd      0x145 Core/Src/mavlink.o
 .debug_macro   0x0000000000002122       0xaf Core/Src/mavlink.o
 .debug_macro   0x00000000000021d1       0x12 Core/Src/mavlink.o
 .debug_macro   0x00000000000021e3       0x7b Core/Src/mavlink.o
 .debug_macro   0x000000000000225e       0x10 Core/Src/mavlink.o
 .debug_macro   0x000000000000226e      0x34a Core/Src/mavlink.o
 .debug_macro   0x00000000000025b8       0x34 Core/Src/mavlink.o
 .debug_macro   0x00000000000025ec       0x34 Core/Src/mavlink.o
 .debug_macro   0x0000000000002620       0x34 Core/Src/mavlink.o
 .debug_macro   0x0000000000002654       0x3a Core/Src/mavlink.o
 .debug_macro   0x000000000000268e       0x34 Core/Src/mavlink.o
 .debug_macro   0x00000000000026c2       0x3a Core/Src/mavlink.o
 .debug_macro   0x00000000000026fc       0x34 Core/Src/mavlink.o
 .debug_macro   0x0000000000002730       0x34 Core/Src/mavlink.o
 .debug_macro   0x0000000000002764       0x3a Core/Src/mavlink.o
 .debug_macro   0x000000000000279e       0x3a Core/Src/mavlink.o
 .debug_macro   0x00000000000027d8       0x34 Core/Src/mavlink.o
 .debug_macro   0x000000000000280c       0x3a Core/Src/mavlink.o
 .debug_macro   0x0000000000002846       0x3a Core/Src/mavlink.o
 .debug_macro   0x0000000000002880       0x34 Core/Src/mavlink.o
 .debug_macro   0x00000000000028b4       0x52 Core/Src/mavlink.o
 .debug_macro   0x0000000000002906       0x34 Core/Src/mavlink.o
 .debug_macro   0x000000000000293a       0x34 Core/Src/mavlink.o
 .debug_macro   0x000000000000296e       0x34 Core/Src/mavlink.o
 .debug_macro   0x00000000000029a2       0x34 Core/Src/mavlink.o
 .debug_macro   0x00000000000029d6       0x34 Core/Src/mavlink.o
 .debug_macro   0x0000000000002a0a       0x3a Core/Src/mavlink.o
 .debug_macro   0x0000000000002a44       0x34 Core/Src/mavlink.o
 .debug_macro   0x0000000000002a78       0x34 Core/Src/mavlink.o
 .debug_macro   0x0000000000002aac       0x34 Core/Src/mavlink.o
 .debug_macro   0x0000000000002ae0       0x34 Core/Src/mavlink.o
 .debug_macro   0x0000000000002b14       0x34 Core/Src/mavlink.o
 .debug_macro   0x0000000000002b48       0x34 Core/Src/mavlink.o
 .debug_macro   0x0000000000002b7c       0x34 Core/Src/mavlink.o
 .debug_macro   0x0000000000002bb0       0x34 Core/Src/mavlink.o
 .debug_macro   0x0000000000002be4       0x34 Core/Src/mavlink.o
 .debug_macro   0x0000000000002c18       0x34 Core/Src/mavlink.o
 .debug_macro   0x0000000000002c4c       0x34 Core/Src/mavlink.o
 .debug_macro   0x0000000000002c80       0x34 Core/Src/mavlink.o
 .debug_macro   0x0000000000002cb4       0x34 Core/Src/mavlink.o
 .debug_macro   0x0000000000002ce8       0x34 Core/Src/mavlink.o
 .debug_macro   0x0000000000002d1c       0x34 Core/Src/mavlink.o
 .debug_macro   0x0000000000002d50       0x34 Core/Src/mavlink.o
 .debug_macro   0x0000000000002d84       0x34 Core/Src/mavlink.o
 .debug_macro   0x0000000000002db8       0x34 Core/Src/mavlink.o
 .debug_macro   0x0000000000002dec       0x3a Core/Src/mavlink.o
 .debug_macro   0x0000000000002e26       0x34 Core/Src/mavlink.o
 .debug_macro   0x0000000000002e5a       0x34 Core/Src/mavlink.o
 .debug_macro   0x0000000000002e8e       0x34 Core/Src/mavlink.o
 .debug_macro   0x0000000000002ec2       0x34 Core/Src/mavlink.o
 .debug_macro   0x0000000000002ef6       0x40 Core/Src/mavlink.o
 .debug_macro   0x0000000000002f36       0x34 Core/Src/mavlink.o
 .debug_macro   0x0000000000002f6a       0x3a Core/Src/mavlink.o
 .debug_macro   0x0000000000002fa4       0x3a Core/Src/mavlink.o
 .debug_macro   0x0000000000002fde       0x34 Core/Src/mavlink.o
 .debug_macro   0x0000000000003012       0x34 Core/Src/mavlink.o
 .debug_macro   0x0000000000003046       0x34 Core/Src/mavlink.o
 .debug_macro   0x000000000000307a       0x34 Core/Src/mavlink.o
 .debug_macro   0x00000000000030ae       0x34 Core/Src/mavlink.o
 .debug_macro   0x00000000000030e2       0x34 Core/Src/mavlink.o
 .debug_macro   0x0000000000003116       0x34 Core/Src/mavlink.o
 .debug_macro   0x000000000000314a       0x34 Core/Src/mavlink.o
 .debug_macro   0x000000000000317e       0x34 Core/Src/mavlink.o
 .debug_macro   0x00000000000031b2       0x34 Core/Src/mavlink.o
 .debug_macro   0x00000000000031e6       0x34 Core/Src/mavlink.o
 .debug_macro   0x000000000000321a       0x34 Core/Src/mavlink.o
 .debug_macro   0x000000000000324e       0x3a Core/Src/mavlink.o
 .debug_macro   0x0000000000003288       0x3a Core/Src/mavlink.o
 .debug_macro   0x00000000000032c2       0x34 Core/Src/mavlink.o
 .debug_macro   0x00000000000032f6       0x34 Core/Src/mavlink.o
 .debug_macro   0x000000000000332a       0x34 Core/Src/mavlink.o
 .debug_macro   0x000000000000335e       0x34 Core/Src/mavlink.o
 .debug_macro   0x0000000000003392       0x34 Core/Src/mavlink.o
 .debug_macro   0x00000000000033c6       0x34 Core/Src/mavlink.o
 .debug_macro   0x00000000000033fa       0x34 Core/Src/mavlink.o
 .debug_macro   0x000000000000342e       0x34 Core/Src/mavlink.o
 .debug_macro   0x0000000000003462       0x3a Core/Src/mavlink.o
 .debug_macro   0x000000000000349c       0x34 Core/Src/mavlink.o
 .debug_macro   0x00000000000034d0       0x3a Core/Src/mavlink.o
 .debug_macro   0x000000000000350a       0x3a Core/Src/mavlink.o
 .debug_macro   0x0000000000003544       0x3a Core/Src/mavlink.o
 .debug_macro   0x000000000000357e       0x3a Core/Src/mavlink.o
 .debug_macro   0x00000000000035b8       0x34 Core/Src/mavlink.o
 .debug_macro   0x00000000000035ec       0x34 Core/Src/mavlink.o
 .debug_macro   0x0000000000003620       0x34 Core/Src/mavlink.o
 .debug_macro   0x0000000000003654       0x34 Core/Src/mavlink.o
 .debug_macro   0x0000000000003688       0x34 Core/Src/mavlink.o
 .debug_macro   0x00000000000036bc       0x3a Core/Src/mavlink.o
 .debug_macro   0x00000000000036f6       0x34 Core/Src/mavlink.o
 .debug_macro   0x000000000000372a       0x34 Core/Src/mavlink.o
 .debug_macro   0x000000000000375e       0x34 Core/Src/mavlink.o
 .debug_macro   0x0000000000003792       0x34 Core/Src/mavlink.o
 .debug_macro   0x00000000000037c6       0x3a Core/Src/mavlink.o
 .debug_macro   0x0000000000003800       0x34 Core/Src/mavlink.o
 .debug_macro   0x0000000000003834       0x34 Core/Src/mavlink.o
 .debug_macro   0x0000000000003868       0x34 Core/Src/mavlink.o
 .debug_macro   0x000000000000389c       0x34 Core/Src/mavlink.o
 .debug_macro   0x00000000000038d0       0x3a Core/Src/mavlink.o
 .debug_macro   0x000000000000390a       0x34 Core/Src/mavlink.o
 .debug_macro   0x000000000000393e       0x34 Core/Src/mavlink.o
 .debug_macro   0x0000000000003972       0x3a Core/Src/mavlink.o
 .debug_macro   0x00000000000039ac       0x34 Core/Src/mavlink.o
 .debug_macro   0x00000000000039e0       0x34 Core/Src/mavlink.o
 .debug_macro   0x0000000000003a14       0x3a Core/Src/mavlink.o
 .debug_macro   0x0000000000003a4e       0x34 Core/Src/mavlink.o
 .debug_macro   0x0000000000003a82       0x34 Core/Src/mavlink.o
 .debug_macro   0x0000000000003ab6       0x34 Core/Src/mavlink.o
 .debug_macro   0x0000000000003aea       0x34 Core/Src/mavlink.o
 .debug_macro   0x0000000000003b1e       0x3a Core/Src/mavlink.o
 .debug_macro   0x0000000000003b58       0x3a Core/Src/mavlink.o
 .debug_macro   0x0000000000003b92       0x34 Core/Src/mavlink.o
 .debug_macro   0x0000000000003bc6       0x3a Core/Src/mavlink.o
 .debug_macro   0x0000000000003c00       0x34 Core/Src/mavlink.o
 .debug_macro   0x0000000000003c34       0x34 Core/Src/mavlink.o
 .debug_macro   0x0000000000003c68       0x34 Core/Src/mavlink.o
 .debug_macro   0x0000000000003c9c       0x40 Core/Src/mavlink.o
 .debug_macro   0x0000000000003cdc       0x3a Core/Src/mavlink.o
 .debug_macro   0x0000000000003d16       0x3a Core/Src/mavlink.o
 .debug_macro   0x0000000000003d50       0x34 Core/Src/mavlink.o
 .debug_macro   0x0000000000003d84       0x40 Core/Src/mavlink.o
 .debug_macro   0x0000000000003dc4       0x34 Core/Src/mavlink.o
 .debug_macro   0x0000000000003df8       0x52 Core/Src/mavlink.o
 .debug_macro   0x0000000000003e4a       0x46 Core/Src/mavlink.o
 .debug_macro   0x0000000000003e90       0x40 Core/Src/mavlink.o
 .debug_macro   0x0000000000003ed0       0x4c Core/Src/mavlink.o
 .debug_macro   0x0000000000003f1c       0x3a Core/Src/mavlink.o
 .debug_macro   0x0000000000003f56       0x34 Core/Src/mavlink.o
 .debug_macro   0x0000000000003f8a       0x34 Core/Src/mavlink.o
 .debug_macro   0x0000000000003fbe       0x34 Core/Src/mavlink.o
 .debug_macro   0x0000000000003ff2       0x34 Core/Src/mavlink.o
 .debug_macro   0x0000000000004026       0x34 Core/Src/mavlink.o
 .debug_macro   0x000000000000405a       0x34 Core/Src/mavlink.o
 .debug_macro   0x000000000000408e       0x3a Core/Src/mavlink.o
 .debug_macro   0x00000000000040c8       0x34 Core/Src/mavlink.o
 .debug_macro   0x00000000000040fc       0x34 Core/Src/mavlink.o
 .debug_macro   0x0000000000004130       0x34 Core/Src/mavlink.o
 .debug_macro   0x0000000000004164       0x3a Core/Src/mavlink.o
 .debug_macro   0x000000000000419e       0x3a Core/Src/mavlink.o
 .debug_macro   0x00000000000041d8       0x34 Core/Src/mavlink.o
 .debug_macro   0x000000000000420c       0x34 Core/Src/mavlink.o
 .debug_macro   0x0000000000004240       0x3a Core/Src/mavlink.o
 .debug_macro   0x000000000000427a       0x34 Core/Src/mavlink.o
 .debug_macro   0x00000000000042ae       0x3a Core/Src/mavlink.o
 .debug_macro   0x00000000000042e8       0x3a Core/Src/mavlink.o
 .debug_macro   0x0000000000004322       0x3a Core/Src/mavlink.o
 .debug_macro   0x000000000000435c       0x3a Core/Src/mavlink.o
 .debug_macro   0x0000000000004396       0x3a Core/Src/mavlink.o
 .debug_macro   0x00000000000043d0       0x3a Core/Src/mavlink.o
 .debug_macro   0x000000000000440a       0x34 Core/Src/mavlink.o
 .debug_macro   0x000000000000443e       0x3a Core/Src/mavlink.o
 .debug_macro   0x0000000000004478       0x34 Core/Src/mavlink.o
 .debug_macro   0x00000000000044ac       0x40 Core/Src/mavlink.o
 .debug_macro   0x00000000000044ec       0x46 Core/Src/mavlink.o
 .debug_macro   0x0000000000004532       0x34 Core/Src/mavlink.o
 .debug_macro   0x0000000000004566       0x3a Core/Src/mavlink.o
 .debug_macro   0x00000000000045a0       0x34 Core/Src/mavlink.o
 .debug_macro   0x00000000000045d4       0x40 Core/Src/mavlink.o
 .debug_macro   0x0000000000004614       0x34 Core/Src/mavlink.o
 .debug_macro   0x0000000000004648       0x34 Core/Src/mavlink.o
 .debug_macro   0x000000000000467c       0x3a Core/Src/mavlink.o
 .debug_macro   0x00000000000046b6       0x3a Core/Src/mavlink.o
 .debug_macro   0x00000000000046f0       0x34 Core/Src/mavlink.o
 .debug_macro   0x0000000000004724       0x40 Core/Src/mavlink.o
 .debug_macro   0x0000000000004764       0x34 Core/Src/mavlink.o
 .debug_macro   0x0000000000004798       0x3a Core/Src/mavlink.o
 .debug_macro   0x00000000000047d2       0x34 Core/Src/mavlink.o
 .debug_macro   0x0000000000004806       0x34 Core/Src/mavlink.o
 .debug_macro   0x000000000000483a       0x34 Core/Src/mavlink.o
 .debug_macro   0x000000000000486e       0x34 Core/Src/mavlink.o
 .debug_macro   0x00000000000048a2       0x3a Core/Src/mavlink.o
 .debug_macro   0x00000000000048dc       0x46 Core/Src/mavlink.o
 .debug_macro   0x0000000000004922       0x3a Core/Src/mavlink.o
 .debug_macro   0x000000000000495c       0x3a Core/Src/mavlink.o
 .debug_macro   0x0000000000004996       0x3a Core/Src/mavlink.o
 .debug_macro   0x00000000000049d0       0x34 Core/Src/mavlink.o
 .debug_macro   0x0000000000004a04       0x34 Core/Src/mavlink.o
 .debug_macro   0x0000000000004a38       0x46 Core/Src/mavlink.o
 .debug_macro   0x0000000000004a7e       0x46 Core/Src/mavlink.o
 .debug_macro   0x0000000000004ac4       0x40 Core/Src/mavlink.o
 .debug_macro   0x0000000000004b04       0x40 Core/Src/mavlink.o
 .debug_macro   0x0000000000004b44       0x34 Core/Src/mavlink.o
 .debug_macro   0x0000000000004b78       0x40 Core/Src/mavlink.o
 .debug_macro   0x0000000000004bb8       0x3a Core/Src/mavlink.o
 .debug_macro   0x0000000000004bf2       0x34 Core/Src/mavlink.o
 .debug_macro   0x0000000000004c26       0x40 Core/Src/mavlink.o
 .debug_macro   0x0000000000004c66       0x40 Core/Src/mavlink.o
 .debug_macro   0x0000000000004ca6       0x40 Core/Src/mavlink.o
 .debug_macro   0x0000000000004ce6       0x40 Core/Src/mavlink.o
 .debug_macro   0x0000000000004d26       0x40 Core/Src/mavlink.o
 .debug_macro   0x0000000000004d66       0x40 Core/Src/mavlink.o
 .debug_macro   0x0000000000004da6       0x3a Core/Src/mavlink.o
 .debug_macro   0x0000000000004de0       0x46 Core/Src/mavlink.o
 .debug_macro   0x0000000000004e26       0x7c Core/Src/mavlink.o
 .debug_macro   0x0000000000004ea2       0x52 Core/Src/mavlink.o
 .debug_macro   0x0000000000004ef4       0x34 Core/Src/mavlink.o
 .debug_macro   0x0000000000004f28       0x34 Core/Src/mavlink.o
 .debug_macro   0x0000000000004f5c       0x4c Core/Src/mavlink.o
 .debug_macro   0x0000000000004fa8       0x34 Core/Src/mavlink.o
 .debug_macro   0x0000000000004fdc       0x3a Core/Src/mavlink.o
 .debug_macro   0x0000000000005016       0x40 Core/Src/mavlink.o
 .debug_macro   0x0000000000005056       0x34 Core/Src/mavlink.o
 .debug_macro   0x000000000000508a       0x40 Core/Src/mavlink.o
 .debug_macro   0x00000000000050ca       0x34 Core/Src/mavlink.o
 .debug_macro   0x00000000000050fe       0x3a Core/Src/mavlink.o
 .debug_macro   0x0000000000005138       0x34 Core/Src/mavlink.o
 .debug_macro   0x000000000000516c       0x3a Core/Src/mavlink.o
 .debug_macro   0x00000000000051a6       0x88 Core/Src/mavlink.o
 .debug_macro   0x000000000000522e       0x40 Core/Src/mavlink.o
 .debug_macro   0x000000000000526e       0x3a Core/Src/mavlink.o
 .debug_macro   0x00000000000052a8       0x34 Core/Src/mavlink.o
 .debug_macro   0x00000000000052dc       0x3a Core/Src/mavlink.o
 .debug_macro   0x0000000000005316       0x34 Core/Src/mavlink.o
 .debug_macro   0x000000000000534a       0x40 Core/Src/mavlink.o
 .debug_macro   0x000000000000538a       0x3a Core/Src/mavlink.o
 .debug_macro   0x00000000000053c4       0x40 Core/Src/mavlink.o
 .debug_macro   0x0000000000005404       0x40 Core/Src/mavlink.o
 .debug_macro   0x0000000000005444       0x3a Core/Src/mavlink.o
 .debug_macro   0x000000000000547e       0x40 Core/Src/mavlink.o
 .debug_macro   0x00000000000054be       0x3a Core/Src/mavlink.o
 .debug_macro   0x00000000000054f8       0x43 Core/Src/mavlink.o
 .debug_macro   0x000000000000553b       0x34 Core/Src/mavlink.o
 .debug_macro   0x000000000000556f       0x40 Core/Src/mavlink.o
 .debug_macro   0x00000000000055af       0x12 Core/Src/mavlink.o
 .debug_macro   0x00000000000055c1       0x12 Core/Src/mavlink.o
 .debug_macro   0x00000000000055d3       0x1c Core/Src/mavlink.o
 .debug_macro   0x00000000000055ef       0xbd Core/Src/mavlink.o
 .debug_macro   0x00000000000056ac       0x54 Core/Src/mavlink.o
 .debug_macro   0x0000000000005700      0x1a4 Core/Src/radio.o
 .debug_macro   0x00000000000058a4      0x1ae Core/Src/stm32f1xx_hal_msp.o
 .debug_macro   0x0000000000005a52      0x1b8 Core/Src/stm32f1xx_it.o
 .debug_macro   0x0000000000005c0a      0x1aa Core/Src/system_stm32f1xx.o
 .debug_macro   0x0000000000005db4      0x1c8 Drivers/STM32F1xx_HAL_Driver/Src/stm32f1xx_hal.o
 .debug_macro   0x0000000000005f7c      0x1a4 Drivers/STM32F1xx_HAL_Driver/Src/stm32f1xx_hal_cortex.o
 .debug_macro   0x0000000000006120      0x20f Drivers/STM32F1xx_HAL_Driver/Src/stm32f1xx_hal_gpio.o
 .debug_macro   0x000000000000632f      0x1e4 Drivers/STM32F1xx_HAL_Driver/Src/stm32f1xx_hal_i2c.o
 .debug_macro   0x0000000000006513      0x1b6 Drivers/STM32F1xx_HAL_Driver/Src/stm32f1xx_hal_rcc.o
 .debug_macro   0x00000000000066c9      0x1a5 Drivers/STM32F1xx_HAL_Driver/Src/stm32f1xx_hal_tim.o
 .debug_macro   0x000000000000686e      0x1a4 Drivers/STM32F1xx_HAL_Driver/Src/stm32f1xx_hal_tim_ex.o
 .debug_macro   0x0000000000006a12      0x1a5 Drivers/STM32F1xx_HAL_Driver/Src/stm32f1xx_hal_uart.o

.debug_line     0x0000000000000000     0xcc21
 .debug_line    0x0000000000000000      0x66e Core/Src/cam.o
 .debug_line    0x000000000000066e      0x658 Core/Src/i2c.o
 .debug_line    0x0000000000000cc6      0x728 Core/Src/main.o
 .debug_line    0x00000000000013ee     0x2d79 Core/Src/mavlink.o
 .debug_line    0x0000000000004167      0x66a Core/Src/radio.o
 .debug_line    0x00000000000047d1      0x6eb Core/Src/stm32f1xx_hal_msp.o
 .debug_line    0x0000000000004ebc      0x6f1 Core/Src/stm32f1xx_it.o
 .debug_line    0x00000000000055ad      0x67e Core/Src/system_stm32f1xx.o
 .debug_line    0x0000000000005c2b       0x84 Core/Startup/startup_stm32f103cbtx.o
 .debug_line    0x0000000000005caf      0x826 Drivers/STM32F1xx_HAL_Driver/Src/stm32f1xx_hal.o
 .debug_line    0x00000000000064d5      0x8ff Drivers/STM32F1xx_HAL_Driver/Src/stm32f1xx_hal_cortex.o
 .debug_line    0x0000000000006dd4      0x826 Drivers/STM32F1xx_HAL_Driver/Src/stm32f1xx_hal_gpio.o
 .debug_line    0x00000000000075fa     0x1ae9 Drivers/STM32F1xx_HAL_Driver/Src/stm32f1xx_hal_i2c.o
 .debug_line    0x00000000000090e3      0x8e8 Drivers/STM32F1xx_HAL_Driver/Src/stm32f1xx_hal_rcc.o
 .debug_line    0x00000000000099cb     0x16ec Drivers/STM32F1xx_HAL_Driver/Src/stm32f1xx_hal_tim.o
 .debug_line    0x000000000000b0b7      0xc39 Drivers/STM32F1xx_HAL_Driver/Src/stm32f1xx_hal_tim_ex.o
 .debug_line    0x000000000000bcf0      0xf31 Drivers/STM32F1xx_HAL_Driver/Src/stm32f1xx_hal_uart.o

.debug_str      0x0000000000000000    0xb9e5b
 .debug_str     0x0000000000000000    0x6c35f Core/Src/cam.o
                                      0x6c685 (size before relaxing)
 .debug_str     0x000000000006c35f       0xa4 Core/Src/i2c.o
                                      0x6c643 (size before relaxing)
 .debug_str     0x000000000006c403      0x7cb Core/Src/main.o
                                      0x6ce0e (size before relaxing)
 .debug_str     0x000000000006cbce    0x49df6 Core/Src/mavlink.o
                                      0xb60eb (size before relaxing)
 .debug_str     0x00000000000b69c4       0x7a Core/Src/radio.o
                                      0x6c552 (size before relaxing)
 .debug_str     0x00000000000b6a3e       0xf7 Core/Src/stm32f1xx_hal_msp.o
                                      0x6ca8b (size before relaxing)
 .debug_str     0x00000000000b6b35       0xbd Core/Src/stm32f1xx_it.o
                                      0x6c1cd (size before relaxing)
 .debug_str     0x00000000000b6bf2       0xc2 Core/Src/system_stm32f1xx.o
                                      0x6c217 (size before relaxing)
 .debug_str     0x00000000000b6cb4       0x36 Core/Startup/startup_stm32f103cbtx.o
                                         0x8e (size before relaxing)
 .debug_str     0x00000000000b6cea      0x61f Drivers/STM32F1xx_HAL_Driver/Src/stm32f1xx_hal.o
                                      0x6c828 (size before relaxing)
 .debug_str     0x00000000000b7309      0x2c8 Drivers/STM32F1xx_HAL_Driver/Src/stm32f1xx_hal_cortex.o
                                      0x6c836 (size before relaxing)
 .debug_str     0x00000000000b75d1      0x324 Drivers/STM32F1xx_HAL_Driver/Src/stm32f1xx_hal_gpio.o
                                      0x6c561 (size before relaxing)
 .debug_str     0x00000000000b78f5      0xb67 Drivers/STM32F1xx_HAL_Driver/Src/stm32f1xx_hal_i2c.o
                                      0x6d18d (size before relaxing)
 .debug_str     0x00000000000b845c      0x258 Drivers/STM32F1xx_HAL_Driver/Src/stm32f1xx_hal_rcc.o
                                      0x6c59a (size before relaxing)
 .debug_str     0x00000000000b86b4      0xd71 Drivers/STM32F1xx_HAL_Driver/Src/stm32f1xx_hal_tim.o
                                      0x6d365 (size before relaxing)
 .debug_str     0x00000000000b9425      0x52f Drivers/STM32F1xx_HAL_Driver/Src/stm32f1xx_hal_tim_ex.o
                                      0x6cb65 (size before relaxing)
 .debug_str     0x00000000000b9954      0x507 Drivers/STM32F1xx_HAL_Driver/Src/stm32f1xx_hal_uart.o
                                      0x6ca89 (size before relaxing)

.comment        0x0000000000000000       0x7b
 .comment       0x0000000000000000       0x7b Core/Src/cam.o
                                         0x7c (size before relaxing)
 .comment       0x000000000000007b       0x7c Core/Src/i2c.o
 .comment       0x000000000000007b       0x7c Core/Src/main.o
 .comment       0x000000000000007b       0x7c Core/Src/mavlink.o
 .comment       0x000000000000007b       0x7c Core/Src/radio.o
 .comment       0x000000000000007b       0x7c Core/Src/stm32f1xx_hal_msp.o
 .comment       0x000000000000007b       0x7c Core/Src/stm32f1xx_it.o
 .comment       0x000000000000007b       0x7c Core/Src/system_stm32f1xx.o
 .comment       0x000000000000007b       0x7c Drivers/STM32F1xx_HAL_Driver/Src/stm32f1xx_hal.o
 .comment       0x000000000000007b       0x7c Drivers/STM32F1xx_HAL_Driver/Src/stm32f1xx_hal_cortex.o
 .comment       0x000000000000007b       0x7c Drivers/STM32F1xx_HAL_Driver/Src/stm32f1xx_hal_gpio.o
 .comment       0x000000000000007b       0x7c Drivers/STM32F1xx_HAL_Driver/Src/stm32f1xx_hal_i2c.o
 .comment       0x000000000000007b       0x7c Drivers/STM32F1xx_HAL_Driver/Src/stm32f1xx_hal_rcc.o
 .comment       0x000000000000007b       0x7c Drivers/STM32F1xx_HAL_Driver/Src/stm32f1xx_hal_tim.o
 .comment       0x000000000000007b       0x7c Drivers/STM32F1xx_HAL_Driver/Src/stm32f1xx_hal_tim_ex.o
 .comment       0x000000000000007b       0x7c Drivers/STM32F1xx_HAL_Driver/Src/stm32f1xx_hal_uart.o

.debug_frame    0x0000000000000000     0x4038
 .debug_frame   0x0000000000000000       0x74 Core/Src/cam.o
 .debug_frame   0x0000000000000074       0x7c Core/Src/i2c.o
 .debug_frame   0x00000000000000f0       0xf4 Core/Src/main.o
 .debug_frame   0x00000000000001e4      0x4dc Core/Src/mavlink.o
 .debug_frame   0x00000000000006c0       0x9c Core/Src/radio.o
 .debug_frame   0x000000000000075c      0x13c Core/Src/stm32f1xx_hal_msp.o
 .debug_frame   0x0000000000000898      0x10c Core/Src/stm32f1xx_it.o
 .debug_frame   0x00000000000009a4       0x58 Core/Src/system_stm32f1xx.o
 .debug_frame   0x00000000000009fc      0x334 Drivers/STM32F1xx_HAL_Driver/Src/stm32f1xx_hal.o
 .debug_frame   0x0000000000000d30      0x428 Drivers/STM32F1xx_HAL_Driver/Src/stm32f1xx_hal_cortex.o
 .debug_frame   0x0000000000001158      0x14c Drivers/STM32F1xx_HAL_Driver/Src/stm32f1xx_hal_gpio.o
 .debug_frame   0x00000000000012a4      0xc08 Drivers/STM32F1xx_HAL_Driver/Src/stm32f1xx_hal_i2c.o
 .debug_frame   0x0000000000001eac      0x21c Drivers/STM32F1xx_HAL_Driver/Src/stm32f1xx_hal_rcc.o
 .debug_frame   0x00000000000020c8     0x10e8 Drivers/STM32F1xx_HAL_Driver/Src/stm32f1xx_hal_tim.o
 .debug_frame   0x00000000000031b0      0x5c0 Drivers/STM32F1xx_HAL_Driver/Src/stm32f1xx_hal_tim_ex.o
 .debug_frame   0x0000000000003770      0x834 Drivers/STM32F1xx_HAL_Driver/Src/stm32f1xx_hal_uart.o
 .debug_frame   0x0000000000003fa4       0x2c c:/st/stm32cubeide_1.5.0/stm32cubeide/plugins/com.st.stm32cube.ide.mcu.externaltools.gnu-tools-for-stm32.7-2018-q2-update.win32_1.5.0.202011040924/tools/bin/../lib/gcc/arm-none-eabi/7.3.1/../../../../arm-none-eabi/lib/thumb/v7-m\libc_nano.a(lib_a-init.o)
 .debug_frame   0x0000000000003fd0       0x28 c:/st/stm32cubeide_1.5.0/stm32cubeide/plugins/com.st.stm32cube.ide.mcu.externaltools.gnu-tools-for-stm32.7-2018-q2-update.win32_1.5.0.202011040924/tools/bin/../lib/gcc/arm-none-eabi/7.3.1/../../../../arm-none-eabi/lib/thumb/v7-m\libc_nano.a(lib_a-memcpy-stub.o)
 .debug_frame   0x0000000000003ff8       0x20 c:/st/stm32cubeide_1.5.0/stm32cubeide/plugins/com.st.stm32cube.ide.mcu.externaltools.gnu-tools-for-stm32.7-2018-q2-update.win32_1.5.0.202011040924/tools/bin/../lib/gcc/arm-none-eabi/7.3.1/../../../../arm-none-eabi/lib/thumb/v7-m\libc_nano.a(lib_a-memset.o)
 .debug_frame   0x0000000000004018       0x20 c:/st/stm32cubeide_1.5.0/stm32cubeide/plugins/com.st.stm32cube.ide.mcu.externaltools.gnu-tools-for-stm32.7-2018-q2-update.win32_1.5.0.202011040924/tools/bin/../lib/gcc/arm-none-eabi/7.3.1/../../../../arm-none-eabi/lib/thumb/v7-m\libc_nano.a(lib_a-strcpy.o)
